Component: ARM Compiler 5.06 update 3 (build 300) Tool: armlink [4d35c9]

==============================================================================

Section Cross References

    main.o(i.Delay1ms) refers to delay.o(i.delay_us) for delay_us
    main.o(i.Delay50us) refers to delay.o(i.delay_us) for delay_us
    main.o(i.LED_CD_State) refers to datamath.o(i.MemClearSram) for MemClearSram
    main.o(i.LED_CD_State) refers to printfa.o(i.__0sprintf) for __2sprintf
    main.o(i.LED_CD_State) refers to stm32f4xx_gpio.o(i.GPIO_ReadOutputDataBit) for GPIO_ReadOutputDataBit
    main.o(i.LED_CD_State) refers to mqtt.o(i.MqttSendPublishQs0) for MqttSendPublishQs0
    main.o(i.LED_CD_State) refers to main.o(.data) for CDTime
    main.o(i.LED_CD_State) refers to mqtt.o(.bss) for gstvDevice
    main.o(i.NVIC_Configuration) refers to misc.o(i.NVIC_PriorityGroupConfig) for NVIC_PriorityGroupConfig
    main.o(i.fputc) refers to stm32f4xx_usart.o(i.USART_SendData) for USART_SendData
    main.o(i.fputc) refers to stm32f4xx_usart.o(i.USART_GetFlagStatus) for USART_GetFlagStatus
    main.o(i.main) refers to system_stm32f4xx.o(i.SystemInit) for SystemInit
    main.o(i.main) refers to main.o(i.NVIC_Configuration) for NVIC_Configuration
    main.o(i.main) refers to delay.o(i.delay_init) for delay_init
    main.o(i.main) refers to main.o(i.Delay1ms) for Delay1ms
    main.o(i.main) refers to usart1deal.o(i.PrintUsart1_Init) for PrintUsart1_Init
    main.o(i.main) refers to usart2deal.o(i.EspAtUsart2_Init) for EspAtUsart2_Init
    main.o(i.main) refers to usart1deal.o(i.u1_printf) for u1_printf
    main.o(i.main) refers to timer4.o(i.Timer4_Init) for Timer4_Init
    main.o(i.main) refers to leddeal.o(i.LED_Init) for LED_Init
    main.o(i.main) refers to keydeal.o(i.Key_Init) for Key_Init
    main.o(i.main) refers to wifi.o(i.WiFiResetIO_Init) for WiFiResetIO_Init
    main.o(i.main) refers to mqtt.o(i.MqttBuff_Init) for MqttBuff_Init
    main.o(i.main) refers to mqtt.o(i.AliIotParameter_Init) for AliIotParameter_Init
    main.o(i.main) refers to stm32f4xx_rcc.o(i.RCC_LSICmd) for RCC_LSICmd
    main.o(i.main) refers to stm32f4xx_rcc.o(i.RCC_GetFlagStatus) for RCC_GetFlagStatus
    main.o(i.main) refers to usart2deal.o(i.EspAt_TxData) for EspAt_TxData
    main.o(i.main) refers to timer3.o(i.TIM3_ENABLE_30S) for TIM3_ENABLE_30S
    main.o(i.main) refers to mqtt.o(i.MQTTRecDealPushdataQs0) for MQTTRecDealPushdataQs0
    main.o(i.main) refers to strlen.o(.text) for strlen
    main.o(i.main) refers to memcmp.o(.text) for memcmp
    main.o(i.main) refers to stm32f4xx_gpio.o(i.GPIO_ReadOutputDataBit) for GPIO_ReadOutputDataBit
    main.o(i.main) refers to stm32f4xx_gpio.o(i.GPIO_WriteBit) for GPIO_WriteBit
    main.o(i.main) refers to main.o(i.LED_CD_State) for LED_CD_State
    main.o(i.main) refers to timer1.o(i.TIM1Enable60s) for TIM1Enable60s
    main.o(i.main) refers to stm32f4xx_tim.o(i.TIM_Cmd) for TIM_Cmd
    main.o(i.main) refers to memseta.o(.text) for __aeabi_memclr
    main.o(i.main) refers to wifi.o(i.WifiConnectIoTServer) for WifiConnectIoTServer
    main.o(i.main) refers to mqtt.o(i.MqttBufRe_Init) for MqttBufRe_Init
    main.o(i.main) refers to mqtt.o(.data) for gbitMqtt
    main.o(i.main) refers to mqtt.o(.bss) for gstvMqtt
    main.o(i.main) refers to main.o(.data) for CMD1
    main.o(i.main) refers to usart2deal.o(.bss) for gstvEspAt
    main.o(.data) refers to main.o(.conststring) for .conststring
    usart1deal.o(i.PrintUsart1_Init) refers to stm32f4xx_rcc.o(i.RCC_AHB1PeriphClockCmd) for RCC_AHB1PeriphClockCmd
    usart1deal.o(i.PrintUsart1_Init) refers to stm32f4xx_rcc.o(i.RCC_APB2PeriphClockCmd) for RCC_APB2PeriphClockCmd
    usart1deal.o(i.PrintUsart1_Init) refers to stm32f4xx_gpio.o(i.GPIO_PinAFConfig) for GPIO_PinAFConfig
    usart1deal.o(i.PrintUsart1_Init) refers to stm32f4xx_gpio.o(i.GPIO_Init) for GPIO_Init
    usart1deal.o(i.PrintUsart1_Init) refers to stm32f4xx_usart.o(i.USART_Init) for USART_Init
    usart1deal.o(i.PrintUsart1_Init) refers to stm32f4xx_usart.o(i.USART_Cmd) for USART_Cmd
    usart1deal.o(i.u1_printf) refers to printfa.o(i.__0vsprintf) for vsprintf
    usart1deal.o(i.u1_printf) refers to strlen.o(.text) for strlen
    usart1deal.o(i.u1_printf) refers to usart1deal.o(.bss) for gstvPrintf
    usart2deal.o(i.EspAtUsart2_Init) refers to misc.o(i.NVIC_PriorityGroupConfig) for NVIC_PriorityGroupConfig
    usart2deal.o(i.EspAtUsart2_Init) refers to stm32f4xx_rcc.o(i.RCC_AHB1PeriphClockCmd) for RCC_AHB1PeriphClockCmd
    usart2deal.o(i.EspAtUsart2_Init) refers to stm32f4xx_rcc.o(i.RCC_APB1PeriphClockCmd) for RCC_APB1PeriphClockCmd
    usart2deal.o(i.EspAtUsart2_Init) refers to stm32f4xx_gpio.o(i.GPIO_PinAFConfig) for GPIO_PinAFConfig
    usart2deal.o(i.EspAtUsart2_Init) refers to stm32f4xx_gpio.o(i.GPIO_Init) for GPIO_Init
    usart2deal.o(i.EspAtUsart2_Init) refers to stm32f4xx_usart.o(i.USART_Init) for USART_Init
[...]
    Removing stm32f4xx_spi.o(i.SPI_I2S_SendData), (4 bytes).
    Removing stm32f4xx_spi.o(i.SPI_Init), (60 bytes).
    Removing stm32f4xx_spi.o(i.SPI_NSSInternalSoftwareConfig), (30 bytes).
    Removing stm32f4xx_spi.o(i.SPI_SSOutputCmd), (24 bytes).
    Removing stm32f4xx_spi.o(i.SPI_StructInit), (24 bytes).
    Removing stm32f4xx_spi.o(i.SPI_TIModeCmd), (24 bytes).
    Removing stm32f4xx_spi.o(i.SPI_TransmitCRC), (10 bytes).
    Removing stm32f4xx_syscfg.o(.rev16_text), (4 bytes).
    Removing stm32f4xx_syscfg.o(.revsh_text), (4 bytes).
    Removing stm32f4xx_syscfg.o(i.SYSCFG_CompensationCellCmd), (12 bytes).
    Removing stm32f4xx_syscfg.o(i.SYSCFG_DeInit), (22 bytes).
    Removing stm32f4xx_syscfg.o(i.SYSCFG_ETH_MediaInterfaceConfig), (12 bytes).
    Removing stm32f4xx_syscfg.o(i.SYSCFG_EXTILineConfig), (64 bytes).
    Removing stm32f4xx_syscfg.o(i.SYSCFG_GetCompensationCellStatus), (24 bytes).
    Removing stm32f4xx_syscfg.o(i.SYSCFG_MemoryRemapConfig), (12 bytes).
    Removing stm32f4xx_syscfg.o(i.SYSCFG_MemorySwappingBank), (12 bytes).
    Removing stm32f4xx_tim.o(.rev16_text), (4 bytes).
    Removing stm32f4xx_tim.o(.revsh_text), (4 bytes).
    Removing stm32f4xx_tim.o(i.TI1_Config), (58 bytes).
    Removing stm32f4xx_tim.o(i.TI2_Config), (80 bytes).
    Removing stm32f4xx_tim.o(i.TI3_Config), (72 bytes).
    Removing stm32f4xx_tim.o(i.TI4_Config), (80 bytes).
    Removing stm32f4xx_tim.o(i.TIM_ARRPreloadConfig), (24 bytes).
    Removing stm32f4xx_tim.o(i.TIM_BDTRConfig), (32 bytes).
    Removing stm32f4xx_tim.o(i.TIM_BDTRStructInit), (18 bytes).
    Removing stm32f4xx_tim.o(i.TIM_CCPreloadControl), (24 bytes).
    Removing stm32f4xx_tim.o(i.TIM_CCxCmd), (30 bytes).
    Removing stm32f4xx_tim.o(i.TIM_CCxNCmd), (30 bytes).
    Removing stm32f4xx_tim.o(i.TIM_ClearFlag), (6 bytes).
    Removing stm32f4xx_tim.o(i.TIM_ClearOC1Ref), (18 bytes).
    Removing stm32f4xx_tim.o(i.TIM_ClearOC2Ref), (24 bytes).
    Removing stm32f4xx_tim.o(i.TIM_ClearOC3Ref), (18 bytes).
    Removing stm32f4xx_tim.o(i.TIM_ClearOC4Ref), (24 bytes).
    Removing stm32f4xx_tim.o(i.TIM_CounterModeConfig), (18 bytes).
    Removing stm32f4xx_tim.o(i.TIM_CtrlPWMOutputs), (30 bytes).
    Removing stm32f4xx_tim.o(i.TIM_DMACmd), (18 bytes).
    Removing stm32f4xx_tim.o(i.TIM_DMAConfig), (10 bytes).
    Removing stm32f4xx_tim.o(i.TIM_ETRClockMode1Config), (54 bytes).
    Removing stm32f4xx_tim.o(i.TIM_ETRClockMode2Config), (32 bytes).
    Removing stm32f4xx_tim.o(i.TIM_ETRConfig), (28 bytes).
    Removing stm32f4xx_tim.o(i.TIM_EncoderInterfaceConfig), (66 bytes).
    Removing stm32f4xx_tim.o(i.TIM_ForcedOC1Config), (18 bytes).
    Removing stm32f4xx_tim.o(i.TIM_ForcedOC2Config), (26 bytes).
    Removing stm32f4xx_tim.o(i.TIM_ForcedOC3Config), (18 bytes).
    Removing stm32f4xx_tim.o(i.TIM_ForcedOC4Config), (26 bytes).
    Removing stm32f4xx_tim.o(i.TIM_GenerateEvent), (4 bytes).
    Removing stm32f4xx_tim.o(i.TIM_GetCapture1), (6 bytes).
    Removing stm32f4xx_tim.o(i.TIM_GetCapture2), (6 bytes).
    Removing stm32f4xx_tim.o(i.TIM_GetCapture3), (6 bytes).
    Removing stm32f4xx_tim.o(i.TIM_GetCapture4), (6 bytes).
    Removing stm32f4xx_tim.o(i.TIM_GetCounter), (6 bytes).
    Removing stm32f4xx_tim.o(i.TIM_GetFlagStatus), (18 bytes).
    Removing stm32f4xx_tim.o(i.TIM_GetPrescaler), (6 bytes).
    Removing stm32f4xx_tim.o(i.TIM_ICInit), (110 bytes).
    Removing stm32f4xx_tim.o(i.TIM_ICStructInit), (18 bytes).
    Removing stm32f4xx_tim.o(i.TIM_ITRxExternalClockConfig), (24 bytes).
    Removing stm32f4xx_tim.o(i.TIM_InternalClockConfig), (12 bytes).
    Removing stm32f4xx_tim.o(i.TIM_OC1FastConfig), (18 bytes).
    Removing stm32f4xx_tim.o(i.TIM_OC1Init), (124 bytes).
    Removing stm32f4xx_tim.o(i.TIM_OC1NPolarityConfig), (18 bytes).
    Removing stm32f4xx_tim.o(i.TIM_OC1PolarityConfig), (18 bytes).
    Removing stm32f4xx_tim.o(i.TIM_OC1PreloadConfig), (18 bytes).
    Removing stm32f4xx_tim.o(i.TIM_OC2FastConfig), (26 bytes).
    Removing stm32f4xx_tim.o(i.TIM_OC2Init), (164 bytes).
    Removing stm32f4xx_tim.o(i.TIM_OC2NPolarityConfig), (26 bytes).
    Removing stm32f4xx_tim.o(i.TIM_OC2PolarityConfig), (26 bytes).
    Removing stm32f4xx_tim.o(i.TIM_OC2PreloadConfig), (26 bytes).
    Removing stm32f4xx_tim.o(i.TIM_OC3FastConfig), (18 bytes).
    Removing stm32f4xx_tim.o(i.TIM_OC3Init), (160 bytes).
    Removing stm32f4xx_tim.o(i.TIM_OC3NPolarityConfig), (26 bytes).
    Removing stm32f4xx_tim.o(i.TIM_OC3PolarityConfig), (26 bytes).
    Removing stm32f4xx_tim.o(i.TIM_OC3PreloadConfig), (18 bytes).
    Removing stm32f4xx_tim.o(i.TIM_OC4FastConfig), (26 bytes).
    Removing stm32f4xx_tim.o(i.TIM_OC4Init), (120 bytes).
    Removing stm32f4xx_tim.o(i.TIM_OC4PolarityConfig), (26 bytes).
    Removing stm32f4xx_tim.o(i.TIM_OC4PreloadConfig), (26 bytes).
    Removing stm32f4xx_tim.o(i.TIM_OCStructInit), (20 bytes).
    Removing stm32f4xx_tim.o(i.TIM_PWMIConfig), (124 bytes).
    Removing stm32f4xx_tim.o(i.TIM_PrescalerConfig), (6 bytes).
    Removing stm32f4xx_tim.o(i.TIM_RemapConfig), (6 bytes).
    Removing stm32f4xx_tim.o(i.TIM_SelectCCDMA), (24 bytes).
    Removing stm32f4xx_tim.o(i.TIM_SelectCOM), (24 bytes).
    Removing stm32f4xx_tim.o(i.TIM_SelectHallSensor), (24 bytes).
    Removing stm32f4xx_tim.o(i.TIM_SelectInputTrigger), (18 bytes).
    Removing stm32f4xx_tim.o(i.TIM_SelectMasterSlaveMode), (18 bytes).
    Removing stm32f4xx_tim.o(i.TIM_SelectOCxM), (86 bytes).
    Removing stm32f4xx_tim.o(i.TIM_SelectOnePulseMode), (18 bytes).
    Removing stm32f4xx_tim.o(i.TIM_SelectOutputTrigger), (18 bytes).
    Removing stm32f4xx_tim.o(i.TIM_SelectSlaveMode), (18 bytes).
    Removing stm32f4xx_tim.o(i.TIM_SetAutoreload), (4 bytes).
    Removing stm32f4xx_tim.o(i.TIM_SetClockDivision), (18 bytes).
    Removing stm32f4xx_tim.o(i.TIM_SetCompare1), (4 bytes).
    Removing stm32f4xx_tim.o(i.TIM_SetCompare2), (4 bytes).
    Removing stm32f4xx_tim.o(i.TIM_SetCompare3), (4 bytes).
    Removing stm32f4xx_tim.o(i.TIM_SetCompare4), (4 bytes).
    Removing stm32f4xx_tim.o(i.TIM_SetIC1Prescaler), (18 bytes).
    Removing stm32f4xx_tim.o(i.TIM_SetIC2Prescaler), (26 bytes).
    Removing stm32f4xx_tim.o(i.TIM_SetIC3Prescaler), (18 bytes).
    Removing stm32f4xx_tim.o(i.TIM_SetIC4Prescaler), (26 bytes).
    Removing stm32f4xx_tim.o(i.TIM_TIxExternalClockConfig), (62 bytes).
    Removing stm32f4xx_tim.o(i.TIM_TimeBaseStructInit), (18 bytes).
    Removing stm32f4xx_tim.o(i.TIM_UpdateDisableConfig), (24 bytes).
    Removing stm32f4xx_tim.o(i.TIM_UpdateRequestConfig), (24 bytes).
    Removing stm32f4xx_usart.o(.rev16_text), (4 bytes).
    Removing stm32f4xx_usart.o(.revsh_text), (4 bytes).
    Removing stm32f4xx_usart.o(i.USART_ClearITPendingBit), (30 bytes).
    Removing stm32f4xx_usart.o(i.USART_ClockInit), (32 bytes).
    Removing stm32f4xx_usart.o(i.USART_ClockStructInit), (12 bytes).
    Removing stm32f4xx_usart.o(i.USART_DMACmd), (18 bytes).
    Removing stm32f4xx_usart.o(i.USART_DeInit), (240 bytes).
    Removing stm32f4xx_usart.o(i.USART_GetFlagStatus), (26 bytes).
    Removing stm32f4xx_usart.o(i.USART_HalfDuplexCmd), (24 bytes).
    Removing stm32f4xx_usart.o(i.USART_IrDACmd), (24 bytes).
    Removing stm32f4xx_usart.o(i.USART_IrDAConfig), (18 bytes).
    Removing stm32f4xx_usart.o(i.USART_LINBreakDetectLengthConfig), (18 bytes).
    Removing stm32f4xx_usart.o(i.USART_LINCmd), (24 bytes).
    Removing stm32f4xx_usart.o(i.USART_OneBitMethodCmd), (24 bytes).
    Removing stm32f4xx_usart.o(i.USART_OverSampling8Cmd), (22 bytes).
    Removing stm32f4xx_usart.o(i.USART_ReceiveData), (10 bytes).
    Removing stm32f4xx_usart.o(i.USART_ReceiverWakeUpCmd), (24 bytes).
    Removing stm32f4xx_usart.o(i.USART_SendBreak), (10 bytes).
    Removing stm32f4xx_usart.o(i.USART_SendData), (8 bytes).
    Removing stm32f4xx_usart.o(i.USART_SetAddress), (18 bytes).
    Removing stm32f4xx_usart.o(i.USART_SetGuardTime), (16 bytes).
    Removing stm32f4xx_usart.o(i.USART_SetPrescaler), (16 bytes).
    Removing stm32f4xx_usart.o(i.USART_SmartCardCmd), (24 bytes).
    Removing stm32f4xx_usart.o(i.USART_SmartCardNACKCmd), (24 bytes).
    Removing stm32f4xx_usart.o(i.USART_StructInit), (24 bytes).
    Removing stm32f4xx_usart.o(i.USART_WakeUpConfig), (18 bytes).
    Removing stm32f4xx_wwdg.o(.rev16_text), (4 bytes).
    Removing stm32f4xx_wwdg.o(.revsh_text), (4 bytes).
    Removing stm32f4xx_wwdg.o(i.WWDG_ClearFlag), (12 bytes).
    Removing stm32f4xx_wwdg.o(i.WWDG_DeInit), (22 bytes).
    Removing stm32f4xx_wwdg.o(i.WWDG_Enable), (16 bytes).
    Removing stm32f4xx_wwdg.o(i.WWDG_EnableIT), (12 bytes).
    Removing stm32f4xx_wwdg.o(i.WWDG_GetFlagStatus), (20 bytes).
    Removing stm32f4xx_wwdg.o(i.WWDG_SetCounter), (16 bytes).
    Removing stm32f4xx_wwdg.o(i.WWDG_SetPrescaler), (24 bytes).
    Removing stm32f4xx_wwdg.o(i.WWDG_SetWindowValue), (40 bytes).
    Removing stm32f4xx_fmc.o(.rev16_text), (4 bytes).
    Removing stm32f4xx_fmc.o(.revsh_text), (4 bytes).
    Removing stm32f4xx_fmc.o(i.FMC_ClearFlag), (88 bytes).
    Removing stm32f4xx_fmc.o(i.FMC_ClearITPendingBit), (96 bytes).
    Removing stm32f4xx_fmc.o(i.FMC_GetECC), (28 bytes).
    Removing stm32f4xx_fmc.o(i.FMC_GetFlagStatus), (72 bytes).
    Removing stm32f4xx_fmc.o(i.FMC_GetITStatus), (100 bytes).
    Removing stm32f4xx_fmc.o(i.FMC_GetModeStatus), (32 bytes).
    Removing stm32f4xx_fmc.o(i.FMC_ITConfig), (176 bytes).
    Removing stm32f4xx_fmc.o(i.FMC_NANDCmd), (92 bytes).
    Removing stm32f4xx_fmc.o(i.FMC_NANDDeInit), (68 bytes).
    Removing stm32f4xx_fmc.o(i.FMC_NANDECCCmd), (92 bytes).
    Removing stm32f4xx_fmc.o(i.FMC_NANDInit), (136 bytes).
    Removing stm32f4xx_fmc.o(i.FMC_NANDStructInit), (58 bytes).
    Removing stm32f4xx_fmc.o(i.FMC_NORSRAMCmd), (52 bytes).
    Removing stm32f4xx_fmc.o(i.FMC_NORSRAMDeInit), (54 bytes).
    Removing stm32f4xx_fmc.o(i.FMC_NORSRAMInit), (296 bytes).
    Removing stm32f4xx_fmc.o(i.FMC_NORSRAMStructInit), (60 bytes).
    Removing stm32f4xx_fmc.o(i.FMC_PCCARDCmd), (48 bytes).
    Removing stm32f4xx_fmc.o(i.FMC_PCCARDDeInit), (40 bytes).
    Removing stm32f4xx_fmc.o(i.FMC_PCCARDInit), (132 bytes).
    Removing stm32f4xx_fmc.o(i.FMC_PCCARDStructInit), (60 bytes).
    Removing stm32f4xx_fmc.o(i.FMC_SDRAMCmdConfig), (32 bytes).
    Removing stm32f4xx_fmc.o(i.FMC_SDRAMDeInit), (52 bytes).
    Removing stm32f4xx_fmc.o(i.FMC_SDRAMInit), (248 bytes).
    Removing stm32f4xx_fmc.o(i.FMC_SDRAMStructInit), (64 bytes).
    Removing stm32f4xx_fmc.o(i.FMC_SDRAMWriteProtectionConfig), (56 bytes).
    Removing stm32f4xx_fmc.o(i.FMC_SetAutoRefresh_Number), (24 bytes).
    Removing stm32f4xx_fmc.o(i.FMC_SetRefreshCount), (24 bytes).
    Removing stm32f4xx_fmc.o(.constdata), (28 bytes).
    Removing startup_stm32f429xx.o(HEAP), (512 bytes).
    Removing stm32f4xx_it.o(.rev16_text), (4 bytes).
    Removing stm32f4xx_it.o(.revsh_text), (4 bytes).
    Removing system_stm32f4xx.o(.rev16_text), (4 bytes).
    Removing system_stm32f4xx.o(.revsh_text), (4 bytes).
    Removing system_stm32f4xx.o(i.SystemCoreClockUpdate), (192 bytes).
    Removing system_stm32f4xx.o(.data), (20 bytes).

881 unused section(s) (total 43203 bytes) removed from the image.

==============================================================================

Image Symbol Table

    Local Symbols

    Symbol Name                              Value     Ov Type        Size  Object(Section)

    ../clib/microlib/division.c              0x00000000   Number         0  uldiv.o ABSOLUTE
    ../clib/microlib/division.c              0x00000000   Number         0  uidiv.o ABSOLUTE
    ../clib/microlib/init/entry.s            0x00000000   Number         0  entry8a.o ABSOLUTE
    ../clib/microlib/init/entry.s            0x00000000   Number         0  entry7b.o ABSOLUTE
    ../clib/microlib/init/entry.s            0x00000000   Number         0  entry7a.o ABSOLUTE
    ../clib/microlib/init/entry.s            0x00000000   Number         0  entry9b.o ABSOLUTE
    ../clib/microlib/init/entry.s            0x00000000   Number         0  entry5.o ABSOLUTE
    ../clib/microlib/init/entry.s            0x00000000   Number         0  entry11b.o ABSOLUTE
    ../clib/microlib/init/entry.s            0x00000000   Number         0  entry11a.o ABSOLUTE
    ../clib/microlib/init/entry.s            0x00000000   Number         0  entry10b.o ABSOLUTE
    ../clib/microlib/init/entry.s            0x00000000   Number         0  entry10a.o ABSOLUTE
    ../clib/microlib/init/entry.s            0x00000000   Number         0  entry2.o ABSOLUTE
    ../clib/microlib/init/entry.s            0x00000000   Number         0  entry.o ABSOLUTE
    ../clib/microlib/init/entry.s            0x00000000   Number         0  entry9a.o ABSOLUTE
    ../clib/microlib/init/entry.s            0x00000000   Number         0  entry8b.o ABSOLUTE
    ../clib/microlib/longlong.c              0x00000000   Number         0  llushr.o ABSOLUTE
    ../clib/microlib/longlong.c              0x00000000   Number         0  llshl.o ABSOLUTE
    ../clib/microlib/longlong.c              0x00000000   Number         0  llsshr.o ABSOLUTE
    ../clib/microlib/printf/printf.c         0x00000000   Number         0  printf4.o ABSOLUTE
    ../clib/microlib/printf/printf.c         0x00000000   Number         0  printf5.o ABSOLUTE
    ../clib/microlib/printf/printf.c         0x00000000   Number         0  printf6.o ABSOLUTE
    ../clib/microlib/printf/printf.c         0x00000000   Number         0  printf7.o ABSOLUTE
    ../clib/microlib/printf/printf.c         0x00000000   Number         0  printf8.o ABSOLUTE
    ../clib/microlib/printf/printf.c         0x00000000   Number         0  printfa.o ABSOLUTE
    ../clib/microlib/printf/printf.c         0x00000000   Number         0  printfb.o ABSOLUTE
    ../clib/microlib/printf/printf.c         0x00000000   Number         0  printf0.o ABSOLUTE
    ../clib/microlib/printf/printf.c         0x00000000   Number         0  printf1.o ABSOLUTE
    ../clib/microlib/printf/printf.c         0x00000000   Number         0  printf2.o ABSOLUTE
    ../clib/microlib/printf/printf.c         0x00000000   Number         0  printf3.o ABSOLUTE
    ../clib/microlib/printf/stubs.s          0x00000000   Number         0  stubs.o ABSOLUTE
    ../clib/microlib/stdio/streams.c         0x00000000   Number         0  stdout.o ABSOLUTE
    ../clib/microlib/string/memcmp.c         0x00000000   Number         0  memcmp.o ABSOLUTE
    ../clib/microlib/string/memcpy.c         0x00000000   Number         0  memcpya.o ABSOLUTE
    ../clib/microlib/string/memcpy.c         0x00000000   Number         0  memcpyb.o ABSOLUTE
    ../clib/microlib/string/memset.c         0x00000000   Number         0  memseta.o ABSOLUTE
    ../clib/microlib/string/strlen.c         0x00000000   Number         0  strlen.o ABSOLUTE
    ../clib/microlib/string/strstr.c         0x00000000   Number         0  strstr.o ABSOLUTE
    ../clib/microlib/stubs.s                 0x00000000   Number         0  iusefp.o ABSOLUTE
    ../fplib/microlib/fpadd.c                0x00000000   Number         0  dadd.o ABSOLUTE
    ../fplib/microlib/fpdiv.c                0x00000000   Number         0  ddiv.o ABSOLUTE
    ../fplib/microlib/fpepilogue.c           0x00000000   Number         0  depilogue.o ABSOLUTE
    ../fplib/microlib/fpfix.c                0x00000000   Number         0  dfixul.o ABSOLUTE
    ../fplib/microlib/fpmul.c                0x00000000   Number         0  dmul.o ABSOLUTE
    ..\HMAC\scr\utils_hmac.c                 0x00000000   Number         0  utils_hmac.o ABSOLUTE
    ..\HMAC\scr\utils_md5.c                  0x00000000   Number         0  utils_md5.o ABSOLUTE
    ..\HMAC\scr\utils_sha1.c                 0x00000000   Number         0  utils_sha1.o ABSOLUTE
    ..\Libraries\CMSIS\startup_stm32f429xx.s 0x00000000   Number         0  startup_stm32f429xx.o ABSOLUTE
    ..\Libraries\Stm32f40x_StdPeriph_Driver\src\misc.c 0x00000000   Number         0  misc.o ABSOLUTE
    ..\Libraries\Stm32f40x_StdPeriph_Driver\src\stm32f4xx_adc.c 0x00000000   Number         0  stm32f4xx_adc.o ABSOLUTE
    ..\Libraries\Stm32f40x_StdPeriph_Driver\src\stm32f4xx_can.c 0x00000000   Number         0  stm32f4xx_can.o ABSOLUTE
    ..\Libraries\Stm32f40x_StdPeriph_Driver\src\stm32f4xx_crc.c 0x00000000   Number         0  stm32f4xx_crc.o ABSOLUTE
    ..\Libraries\Stm32f40x_StdPeriph_Driver\src\stm32f4xx_cryp.c 0x00000000   Number         0  stm32f4xx_cryp.o ABSOLUTE
    ..\Libraries\Stm32f40x_StdPeriph_Driver\src\stm32f4xx_cryp_aes.c 0x00000000   Number         0  stm32f4xx_cryp_aes.o ABSOLUTE
    ..\Libraries\Stm32f40x_StdPeriph_Driver\src\stm32f4xx_cryp_des.c 0x00000000   Number         0  stm32f4xx_cryp_des.o ABSOLUTE
    ..\Libraries\Stm32f40x_StdPeriph_Driver\src\stm32f4xx_cryp_tdes.c 0x00000000   Number         0  stm32f4xx_cryp_tdes.o ABSOLUTE
    ..\Libraries\Stm32f40x_StdPeriph_Driver\src\stm32f4xx_dac.c 0x00000000   Number         0  stm32f4xx_dac.o ABSOLUTE
    ..\Libraries\Stm32f40x_StdPeriph_Driver\src\stm32f4xx_dbgmcu.c 0x00000000   Number         0  stm32f4xx_dbgmcu.o ABSOLUTE
    ..\Libraries\Stm32f40x_StdPeriph_Driver\src\stm32f4xx_dcmi.c 0x00000000   Number         0  stm32f4xx_dcmi.o ABSOLUTE
    ..\Libraries\Stm32f40x_StdPeriph_Driver\src\stm32f4xx_dma.c 0x00000000   Number         0  stm32f4xx_dma.o ABSOLUTE
    ..\Libraries\Stm32f40x_StdPeriph_Driver\src\stm32f4xx_dma2d.c 0x00000000   Number         0  stm32f4xx_dma2d.o ABSOLUTE
    ..\Libraries\Stm32f40x_StdPeriph_Driver\src\stm32f4xx_exti.c 0x00000000   Number         0  stm32f4xx_exti.o ABSOLUTE
    ..\Libraries\Stm32f40x_StdPeriph_Driver\src\stm32f4xx_flash.c 0x00000000   Number         0  stm32f4xx_flash.o ABSOLUTE
    ..\Libraries\Stm32f40x_StdPeriph_Driver\src\stm32f4xx_flash_ramfunc.c 0x00000000   Number         0  stm32f4xx_flash_ramfunc.o ABSOLUTE
    ..\Libraries\Stm32f40x_StdPeriph_Driver\src\stm32f4xx_fmc.c 0x00000000   Number         0  stm32f4xx_fmc.o ABSOLUTE
    ..\Libraries\Stm32f40x_StdPeriph_Driver\src\stm32f4xx_gpio.c 0x00000000   Number         0  stm32f4xx_gpio.o ABSOLUTE
    ..\Libraries\Stm32f40x_StdPeriph_Driver\src\stm32f4xx_hash.c 0x00000000   Number         0  stm32f4xx_hash.o ABSOLUTE
    ..\Libraries\Stm32f40x_StdPeriph_Driver\src\stm32f4xx_hash_md5.c 0x00000000   Number         0  stm32f4xx_hash_md5.o ABSOLUTE
    ..\Libraries\Stm32f40x_StdPeriph_Driver\src\stm32f4xx_hash_sha1.c 0x00000000   Number         0  stm32f4xx_hash_sha1.o ABSOLUTE
    ..\Libraries\Stm32f40x_StdPeriph_Driver\src\stm32f4xx_i2c.c 0x00000000   Number         0  stm32f4xx_i2c.o ABSOLUTE
    ..\Libraries\Stm32f40x_StdPeriph_Driver\src\stm32f4xx_iwdg.c 0x00000000   Number         0  stm32f4xx_iwdg.o ABSOLUTE
    ..\Libraries\Stm32f40x_StdPeriph_Driver\src\stm32f4xx_ltdc.c 0x00000000   Number         0  stm32f4xx_ltdc.o ABSOLUTE
    ..\Libraries\Stm32f40x_StdPeriph_Driver\src\stm32f4xx_pwr.c 0x00000000   Number         0  stm32f4xx_pwr.o ABSOLUTE
    ..\Libraries\Stm32f40x_StdPeriph_Driver\src\stm32f4xx_rcc.c 0x00000000   Number         0  stm32f4xx_rcc.o ABSOLUTE
    ..\Libraries\Stm32f40x_StdPeriph_Driver\src\stm32f4xx_rng.c 0x00000000   Number         0  stm32f4xx_rng.o ABSOLUTE
    ..\Libraries\Stm32f40x_StdPeriph_Driver\src\stm32f4xx_rtc.c 0x00000000   Number         0  stm32f4xx_rtc.o ABSOLUTE
    ..\Libraries\Stm32f40x_StdPeriph_Driver\src\stm32f4xx_sai.c 0x00000000   Number         0  stm32f4xx_sai.o ABSOLUTE
    ..\Libraries\Stm32f40x_StdPeriph_Driver\src\stm32f4xx_sdio.c 0x00000000   Number         0  stm32f4xx_sdio.o ABSOLUTE
    ..\Libraries\Stm32f40x_StdPeriph_Driver\src\stm32f4xx_spi.c 0x00000000   Number         0  stm32f4xx_spi.o ABSOLUTE
    ..\Libraries\Stm32f40x_StdPeriph_Driver\src\stm32f4xx_syscfg.c 0x00000000   Number         0  stm32f4xx_syscfg.o ABSOLUTE
    ..\Libraries\Stm32f40x_StdPeriph_Driver\src\stm32f4xx_tim.c 0x00000000   Number         0  stm32f4xx_tim.o ABSOLUTE
    ..\Libraries\Stm32f40x_StdPeriph_Driver\src\stm32f4xx_usart.c 0x00000000   Number         0  stm32f4xx_usart.o ABSOLUTE
    ..\Libraries\Stm32f40x_StdPeriph_Driver\src\stm32f4xx_wwdg.c 0x00000000   Number         0  stm32f4xx_wwdg.o ABSOLUTE
    ..\Main\main.c                           0x00000000   Number         0  main.o ABSOLUTE
    ..\Main\stm32f4xx_it.c                   0x00000000   Number         0  stm32f4xx_it.o ABSOLUTE
    ..\Main\system_stm32f4xx.c               0x00000000   Number         0  system_stm32f4xx.o ABSOLUTE
    ..\SYSTEM\delay\delay.c                  0x00000000   Number         0  delay.o ABSOLUTE
    ..\SYSTEM\sys\sys.c                      0x00000000   Number         0  sys.o ABSOLUTE
    ..\Source\Src\Datamath.c                 0x00000000   Number         0  datamath.o ABSOLUTE
    ..\Source\Src\Keydeal.c                  0x00000000   Number         0  keydeal.o ABSOLUTE
    ..\Source\Src\Leddeal.c                  0x00000000   Number         0  leddeal.o ABSOLUTE
    ..\Source\Src\Mqtt.c                     0x00000000   Number         0  mqtt.o ABSOLUTE
    ..\Source\Src\Mystring.c                 0x00000000   Number         0  mystring.o ABSOLUTE
    ..\Source\Src\Timer1.c                   0x00000000   Number         0  timer1.o ABSOLUTE
    ..\Source\Src\Timer3.c                   0x00000000   Number         0  timer3.o ABSOLUTE
    ..\Source\Src\Timer4.c                   0x00000000   Number         0  timer4.o ABSOLUTE
    ..\Source\Src\Usart1deal.c               0x00000000   Number         0  usart1deal.o ABSOLUTE
    ..\Source\Src\Usart2deal.c               0x00000000   Number         0  usart2deal.o ABSOLUTE
    ..\Source\Src\Wifi.c                     0x00000000   Number         0  wifi.o ABSOLUTE
    ..\\Libraries\\Stm32f40x_StdPeriph_Driver\\src\\misc.c 0x00000000   Number         0  misc.o ABSOLUTE
    ..\\Libraries\\Stm32f40x_StdPeriph_Driver\\src\\stm32f4xx_adc.c 0x00000000   Number         0  stm32f4xx_adc.o ABSOLUTE
    ..\\Libraries\\Stm32f40x_StdPeriph_Driver\\src\\stm32f4xx_can.c 0x00000000   Number         0  stm32f4xx_can.o ABSOLUTE
    ..\\Libraries\\Stm32f40x_StdPeriph_Driver\\src\\stm32f4xx_crc.c 0x00000000   Number         0  stm32f4xx_crc.o ABSOLUTE
    ..\\Libraries\\Stm32f40x_StdPeriph_Driver\\src\\stm32f4xx_cryp.c 0x00000000   Number         0  stm32f4xx_cryp.o ABSOLUTE
    ..\\Libraries\\Stm32f40x_StdPeriph_Driver\\src\\stm32f4xx_cryp_aes.c 0x00000000   Number         0  stm32f4xx_cryp_aes.o ABSOLUTE
    ..\\Libraries\\Stm32f40x_StdPeriph_Driver\\src\\stm32f4xx_cryp_des.c 0x00000000   Number         0  stm32f4xx_cryp_des.o ABSOLUTE
    ..\\Libraries\\Stm32f40x_StdPeriph_Driver\\src\\stm32f4xx_cryp_tdes.c 0x00000000   Number         0  stm32f4xx_cryp_tdes.o ABSOLUTE
    ..\\Libraries\\Stm32f40x_StdPeriph_Driver\\src\\stm32f4xx_dac.c 0x00000000   Number         0  stm32f4xx_dac.o ABSOLUTE
    ..\\Libraries\\Stm32f40x_StdPeriph_Driver\\src\\stm32f4xx_dbgmcu.c 0x00000000   Number         0  stm32f4xx_dbgmcu.o ABSOLUTE
    ..\\Libraries\\Stm32f40x_StdPeriph_Driver\\src\\stm32f4xx_dcmi.c 0x00000000   Number         0  stm32f4xx_dcmi.o ABSOLUTE
    ..\\Libraries\\Stm32f40x_StdPeriph_Driver\\src\\stm32f4xx_dma.c 0x00000000   Number         0  stm32f4xx_dma.o ABSOLUTE
    ..\\Libraries\\Stm32f40x_StdPeriph_Driver\\src\\stm32f4xx_dma2d.c 0x00000000   Number         0  stm32f4xx_dma2d.o ABSOLUTE
    ..\\Libraries\\Stm32f40x_StdPeriph_Driver\\src\\stm32f4xx_exti.c 0x00000000   Number         0  stm32f4xx_exti.o ABSOLUTE
    ..\\Libraries\\Stm32f40x_StdPeriph_Driver\\src\\stm32f4xx_flash.c 0x00000000   Number         0  stm32f4xx_flash.o ABSOLUTE
    ..\\Libraries\\Stm32f40x_StdPeriph_Driver\\src\\stm32f4xx_flash_ramfunc.c 0x00000000   Number         0  stm32f4xx_flash_ramfunc.o ABSOLUTE
    ..\\Libraries\\Stm32f40x_StdPeriph_Driver\\src\\stm32f4xx_fmc.c 0x00000000   Number         0  stm32f4xx_fmc.o ABSOLUTE
    ..\\Libraries\\Stm32f40x_StdPeriph_Driver\\src\\stm32f4xx_gpio.c 0x00000000   Number         0  stm32f4xx_gpio.o ABSOLUTE
    ..\\Libraries\\Stm32f40x_StdPeriph_Driver\\src\\stm32f4xx_hash.c 0x00000000   Number         0  stm32f4xx_hash.o ABSOLUTE
    ..\\Libraries\\Stm32f40x_StdPeriph_Driver\\src\\stm32f4xx_hash_md5.c 0x00000000   Number         0  stm32f4xx_hash_md5.o ABSOLUTE
    ..\\Libraries\\Stm32f40x_StdPeriph_Driver\\src\\stm32f4xx_hash_sha1.c 0x00000000   Number         0  stm32f4xx_hash_sha1.o ABSOLUTE
    ..\\Libraries\\Stm32f40x_StdPeriph_Driver\\src\\stm32f4xx_i2c.c 0x00000000   Number         0  stm32f4xx_i2c.o ABSOLUTE
    ..\\Libraries\\Stm32f40x_StdPeriph_Driver\\src\\stm32f4xx_iwdg.c 0x00000000   Number         0  stm32f4xx_iwdg.o ABSOLUTE
    ..\\Libraries\\Stm32f40x_StdPeriph_Driver\\src\\stm32f4xx_ltdc.c 0x00000000   Number         0  stm32f4xx_ltdc.o ABSOLUTE
    ..\\Libraries\\Stm32f40x_StdPeriph_Driver\\src\\stm32f4xx_pwr.c 0x00000000   Number         0  stm32f4xx_pwr.o ABSOLUTE
    ..\\Libraries\\Stm32f40x_StdPeriph_Driver\\src\\stm32f4xx_rcc.c 0x00000000   Number         0  stm32f4xx_rcc.o ABSOLUTE
    ..\\Libraries\\Stm32f40x_StdPeriph_Driver\\src\\stm32f4xx_rng.c 0x00000000   Number         0  stm32f4xx_rng.o ABSOLUTE
    ..\\Libraries\\Stm32f40x_StdPeriph_Driver\\src\\stm32f4xx_rtc.c 0x00000000   Number         0  stm32f4xx_rtc.o ABSOLUTE
    ..\\Libraries\\Stm32f40x_StdPeriph_Driver\\src\\stm32f4xx_sai.c 0x00000000   Number         0  stm32f4xx_sai.o ABSOLUTE
    ..\\Libraries\\Stm32f40x_StdPeriph_Driver\\src\\stm32f4xx_sdio.c 0x00000000   Number         0  stm32f4xx_sdio.o ABSOLUTE
    ..\\Libraries\\Stm32f40x_StdPeriph_Driver\\src\\stm32f4xx_spi.c 0x00000000   Number         0  stm32f4xx_spi.o ABSOLUTE
    ..\\Libraries\\Stm32f40x_StdPeriph_Driver\\src\\stm32f4xx_syscfg.c 0x00000000   Number         0  stm32f4xx_syscfg.o ABSOLUTE
    ..\\Libraries\\Stm32f40x_StdPeriph_Driver\\src\\stm32f4xx_tim.c 0x00000000   Number         0  stm32f4xx_tim.o ABSOLUTE
    ..\\Libraries\\Stm32f40x_StdPeriph_Driver\\src\\stm32f4xx_usart.c 0x00000000   Number         0  stm32f4xx_usart.o ABSOLUTE
    ..\\Libraries\\Stm32f40x_StdPeriph_Driver\\src\\stm32f4xx_wwdg.c 0x00000000   Number         0  stm32f4xx_wwdg.o ABSOLUTE
    ..\\Main\\main.c                         0x00000000   Number         0  main.o ABSOLUTE
    ..\\Main\\stm32f4xx_it.c                 0x00000000   Number         0  stm32f4xx_it.o ABSOLUTE
    ..\\Main\\system_stm32f4xx.c             0x00000000   Number         0  system_stm32f4xx.o ABSOLUTE
    ..\\SYSTEM\\delay\\delay.c               0x00000000   Number         0  delay.o ABSOLUTE
    ..\\SYSTEM\\sys\\sys.c                   0x00000000   Number         0  sys.o ABSOLUTE
    ..\\Source\\Src\\Datamath.c              0x00000000   Number         0  datamath.o ABSOLUTE
    ..\\Source\\Src\\Keydeal.c               0x00000000   Number         0  keydeal.o ABSOLUTE
    ..\\Source\\Src\\Leddeal.c               0x00000000   Number         0  leddeal.o ABSOLUTE
    ..\\Source\\Src\\Mqtt.c                  0x00000000   Number         0  mqtt.o ABSOLUTE
    ..\\Source\\Src\\Mystring.c              0x00000000   Number         0  mystring.o ABSOLUTE
    ..\\Source\\Src\\Timer1.c                0x00000000   Number         0  timer1.o ABSOLUTE
    ..\\Source\\Src\\Timer3.c                0x00000000   Number         0  timer3.o ABSOLUTE
    ..\\Source\\Src\\Timer4.c                0x00000000   Number         0  timer4.o ABSOLUTE
    ..\\Source\\Src\\Usart1deal.c            0x00000000   Number         0  usart1deal.o ABSOLUTE
    ..\\Source\\Src\\Usart2deal.c            0x00000000   Number         0  usart2deal.o ABSOLUTE
    ..\\Source\\Src\\Wifi.c                  0x00000000   Number         0  wifi.o ABSOLUTE
    cdrcmple.s                               0x00000000   Number         0  cdrcmple.o ABSOLUTE
    dc.s                                     0x00000000   Number         0  dc.o ABSOLUTE
    handlers.s                               0x00000000   Number         0  handlers.o ABSOLUTE
    init.s                                   0x00000000   Number         0  init.o ABSOLUTE
    RESET                                    0x08000000   Section      428  startup_stm32f429xx.o(RESET)
    .ARM.Collect$$$$00000000                 0x080001ac   Section        0  entry.o(.ARM.Collect$$$$00000000)
    .ARM.Collect$$$$00000001                 0x080001ac   Section        4  entry2.o(.ARM.Collect$$$$00000001)
    .ARM.Collect$$$$00000004                 0x080001b0   Section        4  entry5.o(.ARM.Collect$$$$00000004)
    .ARM.Collect$$$$00000008                 0x080001b4   Section        0  entry7b.o(.ARM.Collect$$$$00000008)
    .ARM.Collect$$$$0000000A                 0x080001b4   Section        0  entry8b.o(.ARM.Collect$$$$0000000A)
    .ARM.Collect$$$$0000000B                 0x080001b4   Section        8  entry9a.o(.ARM.Collect$$$$0000000B)
    .ARM.Collect$$$$0000000D                 0x080001bc   Section        0  entry10a.o(.ARM.Collect$$$$0000000D)
    .ARM.Collect$$$$0000000F                 0x080001bc   Section        0  entry11a.o(.ARM.Collect$$$$0000000F)
    .ARM.Collect$$$$00002712                 0x080001bc   Section        4  entry2.o(.ARM.Collect$$$$00002712)
    __lit__00000000                          0x080001bc   Data           4  entry2.o(.ARM.Collect$$$$00002712)
    .text                                    0x080001c0   Section       36  startup_stm32f429xx.o(.text)
    $v0                                      0x080001c0   Number         0  startup_stm32f429xx.o(.text)
    .text                                    0x080001e4   Section        0  memcpya.o(.text)
    .text                                    0x08000208   Section        0  memseta.o(.text)
    .text                                    0x0800022c   Section        0  strstr.o(.text)
    .text                                    0x08000250   Section        0  strlen.o(.text)
    .text                                    0x0800025e   Section        0  memcmp.o(.text)
    .text                                    0x08000278   Section        0  uidiv.o(.text)
    .text                                    0x080002a4   Section        0  uldiv.o(.text)
    .text                                    0x08000306   Section        0  dadd.o(.text)
    .text                                    0x08000306   Section        0  iusefp.o(.text)
    .text                                    0x08000454   Section        0  dmul.o(.text)
    .text                                    0x08000538   Section        0  ddiv.o(.text)
    .text                                    0x08000616   Section        0  dfixul.o(.text)
    .text                                    0x08000648   Section       48  cdrcmple.o(.text)
    .text                                    0x08000678   Section       36  init.o(.text)
    .text                                    0x0800069c   Section        0  llshl.o(.text)
    .text                                    0x080006ba   Section        0  llushr.o(.text)
    .text                                    0x080006da   Section        0  llsshr.o(.text)
    .text                                    0x080006fe   Section        0  depilogue.o(.text)
    i.AliIotParameter_Init                   0x080007b8   Section        0  mqtt.o(i.AliIotParameter_Init)
    i.BusFault_Handler                       0x08000950   Section        0  stm32f4xx_it.o(i.BusFault_Handler)
    i.CMDBuf_Deal                            0x08000954   Section        0  mqtt.o(i.CMDBuf_Deal)
    i.DebugMon_Handler                       0x080009b0   Section        0  stm32f4xx_it.o(i.DebugMon_Handler)
    i.Delay1ms                               0x080009b2   Section        0  main.o(i.Delay1ms)
    i.EspAtUsart2_Init                       0x080009cc   Section        0  usart2deal.o(i.EspAtUsart2_Init)
    i.EspAt_TxData                           0x08000acc   Section        0  usart2deal.o(i.EspAt_TxData)
    i.EspAt_printf                           0x08000b04   Section        0  usart2deal.o(i.EspAt_printf)
    i.GPIO_Init                              0x08000b60   Section        0  stm32f4xx_gpio.o(i.GPIO_Init)
    i.GPIO_PinAFConfig                       0x08000bf0   Section        0  stm32f4xx_gpio.o(i.GPIO_PinAFConfig)
    i.GPIO_ReadInputDataBit                  0x08000c36   Section        0  stm32f4xx_gpio.o(i.GPIO_ReadInputDataBit)
    i.GPIO_ReadOutputDataBit                 0x08000c48   Section        0  stm32f4xx_gpio.o(i.GPIO_ReadOutputDataBit)
    i.GPIO_SetBits                           0x08000c5a   Section        0  stm32f4xx_gpio.o(i.GPIO_SetBits)
    i.GPIO_WriteBit                          0x08000c5e   Section        0  stm32f4xx_gpio.o(i.GPIO_WriteBit)
    i.HardFault_Handler                      0x08000c68   Section        0  stm32f4xx_it.o(i.HardFault_Handler)
    i.Key_Init                               0x08000c6c   Section        0  keydeal.o(i.Key_Init)
    i.LED_AllOff                             0x08000cac   Section        0  leddeal.o(i.LED_AllOff)
    i.LED_CD_State                           0x08000cdc   Section        0  main.o(i.LED_CD_State)
    i.LED_Init                               0x08000d34   Section        0  leddeal.o(i.LED_Init)
    i.MQTTRecDealPushdataQs0                 0x08000da0   Section        0  mqtt.o(i.MQTTRecDealPushdataQs0)
    i.MemClearSram                           0x08000e54   Section        0  datamath.o(i.MemClearSram)
    i.MemClearSram2                          0x08000e6c   Section        0  datamath.o(i.MemClearSram2)
    i.MemCopyFlashToSram                     0x08000e82   Section        0  datamath.o(i.MemCopyFlashToSram)
    i.MemCopyFlashToSram2                    0x08000e9e   Section        0  datamath.o(i.MemCopyFlashToSram2)
    i.MemManage_Handler                      0x08000eba   Section        0  stm32f4xx_it.o(i.MemManage_Handler)
    i.MqttBufRe_Init                         0x08000ec0   Section        0  mqtt.o(i.MqttBufRe_Init)
    i.MqttBuff_Init                          0x08000fc8   Section        0  mqtt.o(i.MqttBuff_Init)
    i.MqttSendConnectPack                    0x0800105c   Section        0  mqtt.o(i.MqttSendConnectPack)
    i.MqttSendPingReq                        0x08001224   Section        0  mqtt.o(i.MqttSendPingReq)
    i.MqttSendPublishQs0                     0x0800124c   Section        0  mqtt.o(i.MqttSendPublishQs0)
    i.MqttSendSubscribe                      0x08001304   Section        0  mqtt.o(i.MqttSendSubscribe)
    i.NMI_Handler                            0x080013c4   Section        0  stm32f4xx_it.o(i.NMI_Handler)
    i.NVIC_Configuration                     0x080013c6   Section        0  main.o(i.NVIC_Configuration)
    i.NVIC_Init                              0x080013d4   Section        0  misc.o(i.NVIC_Init)
    i.NVIC_PriorityGroupConfig               0x0800144c   Section        0  misc.o(i.NVIC_PriorityGroupConfig)
    i.PendSV_Handler                         0x08001460   Section        0  stm32f4xx_it.o(i.PendSV_Handler)
    i.PrintUsart1_Init                       0x08001464   Section        0  usart1deal.o(i.PrintUsart1_Init)
    i.RCC_AHB1PeriphClockCmd                 0x08001518   Section        0  stm32f4xx_rcc.o(i.RCC_AHB1PeriphClockCmd)
    i.RCC_APB1PeriphClockCmd                 0x08001538   Section        0  stm32f4xx_rcc.o(i.RCC_APB1PeriphClockCmd)
    i.RCC_APB1PeriphResetCmd                 0x08001558   Section        0  stm32f4xx_rcc.o(i.RCC_APB1PeriphResetCmd)
    i.RCC_APB2PeriphClockCmd                 0x08001578   Section        0  stm32f4xx_rcc.o(i.RCC_APB2PeriphClockCmd)
    i.RCC_APB2PeriphResetCmd                 0x08001598   Section        0  stm32f4xx_rcc.o(i.RCC_APB2PeriphResetCmd)
    i.RCC_GetClocksFreq                      0x080015b8   Section        0  stm32f4xx_rcc.o(i.RCC_GetClocksFreq)
    i.RCC_GetFlagStatus                      0x080016a0   Section        0  stm32f4xx_rcc.o(i.RCC_GetFlagStatus)
    i.RCC_LSICmd                             0x080016e0   Section        0  stm32f4xx_rcc.o(i.RCC_LSICmd)
    i.SVC_Handler                            0x080016ec   Section        0  stm32f4xx_it.o(i.SVC_Handler)
    i.SetSysClock                            0x080016f0   Section        0  system_stm32f4xx.o(i.SetSysClock)
    SetSysClock                              0x080016f1   Thumb Code   272  system_stm32f4xx.o(i.SetSysClock)
    i.SysTick_CLKSourceConfig                0x08001810   Section        0  misc.o(i.SysTick_CLKSourceConfig)
    i.SysTick_Handler                        0x08001838   Section        0  stm32f4xx_it.o(i.SysTick_Handler)
    i.SystemInit                             0x0800183c   Section        0  system_stm32f4xx.o(i.SystemInit)
    i.TIM1Enable60s                          0x080018a4   Section        0  timer1.o(i.TIM1Enable60s)
    i.TIM1_UP_TIM10_IRQHandler               0x0800191c   Section        0  stm32f4xx_it.o(i.TIM1_UP_TIM10_IRQHandler)
    i.TIM3_ENABLE_2S                         0x0800197c   Section        0  timer3.o(i.TIM3_ENABLE_2S)
    i.TIM3_ENABLE_30S                        0x080019f4   Section        0  timer3.o(i.TIM3_ENABLE_30S)
    i.TIM3_IRQHandler                        0x08001a68   Section        0  stm32f4xx_it.o(i.TIM3_IRQHandler)
    i.TIM4_IRQHandler                        0x08001ae0   Section        0  stm32f4xx_it.o(i.TIM4_IRQHandler)
    i.TIM_ClearITPendingBit                  0x08001b64   Section        0  stm32f4xx_tim.o(i.TIM_ClearITPendingBit)
    i.TIM_Cmd                                0x08001b6a   Section        0  stm32f4xx_tim.o(i.TIM_Cmd)
    i.TIM_DeInit                             0x08001b84   Section        0  stm32f4xx_tim.o(i.TIM_DeInit)
    i.TIM_GetITStatus                        0x08001d14   Section        0  stm32f4xx_tim.o(i.TIM_GetITStatus)
    i.TIM_ITConfig                           0x08001d36   Section        0  stm32f4xx_tim.o(i.TIM_ITConfig)
    i.TIM_SetCounter                         0x08001d48   Section        0  stm32f4xx_tim.o(i.TIM_SetCounter)
    i.TIM_TimeBaseInit                       0x08001d4c   Section        0  stm32f4xx_tim.o(i.TIM_TimeBaseInit)
    i.Timer4_Init                            0x08001dd0   Section        0  timer4.o(i.Timer4_Init)
    i.TxDataBuf_Deal                         0x08001e3c   Section        0  mqtt.o(i.TxDataBuf_Deal)
    i.USART2_IRQHandler                      0x08001e8c   Section        0  stm32f4xx_it.o(i.USART2_IRQHandler)
    i.USART_ClearFlag                        0x08001f0c   Section        0  stm32f4xx_usart.o(i.USART_ClearFlag)
    i.USART_Cmd                              0x08001f1e   Section        0  stm32f4xx_usart.o(i.USART_Cmd)
    i.USART_GetITStatus                      0x08001f36   Section        0  stm32f4xx_usart.o(i.USART_GetITStatus)
    i.USART_ITConfig                         0x08001f8a   Section        0  stm32f4xx_usart.o(i.USART_ITConfig)
    i.USART_Init                             0x08001fd4   Section        0  stm32f4xx_usart.o(i.USART_Init)
    i.UsageFault_Handler                     0x080020a8   Section        0  stm32f4xx_it.o(i.UsageFault_Handler)
    i.WiFiConnectServer                      0x080020ac   Section        0  wifi.o(i.WiFiConnectServer)
    i.WiFiJoinAP                             0x08002204   Section        0  wifi.o(i.WiFiJoinAP)
    i.WiFiResetIO_Init                       0x080022b0   Section        0  wifi.o(i.WiFiResetIO_Init)
    i.WiFiSendCmd                            0x080022f8   Section        0  wifi.o(i.WiFiSendCmd)
    i.WiFiSmartconfig                        0x0800236c   Section        0  wifi.o(i.WiFiSmartconfig)
    i.WiFiWaitAP                             0x080023d4   Section        0  wifi.o(i.WiFiWaitAP)
    i.WifiConnectIoTServer                   0x0800242c   Section        0  wifi.o(i.WifiConnectIoTServer)
    i.__0sprintf                             0x080028fc   Section        0  printfa.o(i.__0sprintf)
    i.__0vsprintf                            0x08002924   Section        0  printfa.o(i.__0vsprintf)
    i.__scatterload_copy                     0x08002948   Section       14  handlers.o(i.__scatterload_copy)
    i.__scatterload_null                     0x08002956   Section        2  handlers.o(i.__scatterload_null)
    i.__scatterload_zeroinit                 0x08002958   Section       14  handlers.o(i.__scatterload_zeroinit)
    i._fp_digits                             0x08002968   Section        0  printfa.o(i._fp_digits)
    _fp_digits                               0x08002969   Thumb Code   366  printfa.o(i._fp_digits)
    i._printf_core                           0x08002aec   Section        0  printfa.o(i._printf_core)
    _printf_core                             0x08002aed   Thumb Code  1744  printfa.o(i._printf_core)
    i._printf_post_padding                   0x080031c8   Section        0  printfa.o(i._printf_post_padding)
    _printf_post_padding                     0x080031c9   Thumb Code    36  printfa.o(i._printf_post_padding)
    i._printf_pre_padding                    0x080031ec   Section        0  printfa.o(i._printf_pre_padding)
    _printf_pre_padding                      0x080031ed   Thumb Code    46  printfa.o(i._printf_pre_padding)
    i._sputc                                 0x0800321a   Section        0  printfa.o(i._sputc)
    _sputc                                   0x0800321b   Thumb Code    10  printfa.o(i._sputc)
    i.delay_init                             0x08003224   Section        0  delay.o(i.delay_init)
    i.delay_us                               0x08003260   Section        0  delay.o(i.delay_us)
    i.main                                   0x080032ac   Section        0  main.o(i.main)
    i.u1_printf                              0x080038d4   Section        0  usart1deal.o(i.u1_printf)
    i.utils_hb2hex                           0x08003930   Section        0  utils_md5.o(i.utils_hb2hex)
    i.utils_hmac_sha1                        0x08003948   Section        0  utils_hmac.o(i.utils_hmac_sha1)
    i.utils_sha1_finish                      0x08003a30   Section        0  utils_sha1.o(i.utils_sha1_finish)
    i.utils_sha1_init                        0x08003b18   Section        0  utils_sha1.o(i.utils_sha1_init)
    i.utils_sha1_process                     0x08003b28   Section        0  utils_sha1.o(i.utils_sha1_process)
    i.utils_sha1_starts                      0x08005444   Section        0  utils_sha1.o(i.utils_sha1_starts)
    i.utils_sha1_update                      0x08005470   Section        0  utils_sha1.o(i.utils_sha1_update)
    .constdata                               0x080054ec   Section      363  mqtt.o(.constdata)
    .constdata                               0x08005657   Section       64  utils_sha1.o(.constdata)
    iot_sha1_padding                         0x08005657   Data          64  utils_sha1.o(.constdata)
    .conststring                             0x08005698   Section       36  main.o(.conststring)
    .data                                    0x20000000   Section       20  main.o(.data)
    .data                                    0x20000014   Section        1  usart2deal.o(.data)
    .data                                    0x20000015   Section        1  mqtt.o(.data)
    .data                                    0x20000016   Section        1  wifi.o(.data)
    .data                                    0x20000018   Section        4  delay.o(.data)
    fac_us                                   0x20000018   Data           1  delay.o(.data)
    fac_ms                                   0x2000001a   Data           2  delay.o(.data)
    .data                                    0x2000001c   Section       16  stm32f4xx_rcc.o(.data)
    APBAHBPrescTable                         0x2000001c   Data          16  stm32f4xx_rcc.o(.data)
    .bss                                     0x2000002c   Section      256  usart1deal.o(.bss)
    .bss                                     0x2000012c   Section     2050  usart2deal.o(.bss)
    .bss                                     0x20000930   Section    13728  mqtt.o(.bss)
    STACK                                    0x20003ed0   Section     1024  startup_stm32f429xx.o(STACK)

    Global Symbols

    Symbol Name                              Value     Ov Type        Size  Object(Section)

    BuildAttributes$$THM_ISAv4$E$P$D$K$B$S$7EM$VFPi3$EXTD16$VFPS$VFMA$PE$A:L22UL41UL21$X:L11$S22US41US21$IEEE1$IW$USESV6$~STKCKD$USESV7$~SHL$OSPACE$ROPI$EBA8$MICROLIB$REQ8$PRES8$EABIv2 0x00000000   Number         0  anon$$obj.o ABSOLUTE
    __ARM_use_no_argv                        0x00000000   Number         0  main.o ABSOLUTE
    _printf_a                                0x00000000   Number         0  stubs.o ABSOLUTE
    _printf_c                                0x00000000   Number         0  stubs.o ABSOLUTE
    _printf_charcount                        0x00000000   Number         0  stubs.o ABSOLUTE
    _printf_d                                0x00000000   Number         0  stubs.o ABSOLUTE
    _printf_e                                0x00000000   Number         0  stubs.o ABSOLUTE
    _printf_f                                0x00000000   Number         0  stubs.o ABSOLUTE
    _printf_flags                            0x00000000   Number         0  stubs.o ABSOLUTE
    _printf_fp_dec                           0x00000000   Number         0  stubs.o ABSOLUTE
    _printf_fp_hex                           0x00000000   Number         0  stubs.o ABSOLUTE
    _printf_g                                0x00000000   Number         0  stubs.o ABSOLUTE
    _printf_i                                0x00000000   Number         0  stubs.o ABSOLUTE
    _printf_int_dec                          0x00000000   Number         0  stubs.o ABSOLUTE
    _printf_l                                0x00000000   Number         0  stubs.o ABSOLUTE
    _printf_lc                               0x00000000   Number         0  stubs.o ABSOLUTE
    _printf_ll                               0x00000000   Number         0  stubs.o ABSOLUTE
    _printf_lld                              0x00000000   Number         0  stubs.o ABSOLUTE
    _printf_lli                              0x00000000   Number         0  stubs.o ABSOLUTE
    _printf_llo                              0x00000000   Number         0  stubs.o ABSOLUTE
    _printf_llu                              0x00000000   Number         0  stubs.o ABSOLUTE
    _printf_llx                              0x00000000   Number         0  stubs.o ABSOLUTE
    _printf_longlong_dec                     0x00000000   Number         0  stubs.o ABSOLUTE
    _printf_longlong_hex                     0x00000000   Number         0  stubs.o ABSOLUTE
    _printf_longlong_oct                     0x00000000   Number         0  stubs.o ABSOLUTE
    _printf_ls                               0x00000000   Number         0  stubs.o ABSOLUTE
    _printf_mbtowc                           0x00000000   Number         0  stubs.o ABSOLUTE
    _printf_n                                0x00000000   Number         0  stubs.o ABSOLUTE
    _printf_o                                0x00000000   Number         0  stubs.o ABSOLUTE
    _printf_p                                0x00000000   Number         0  stubs.o ABSOLUTE
    _printf_percent                          0x00000000   Number         0  stubs.o ABSOLUTE
    _printf_pre_padding                      0x00000000   Number         0  stubs.o ABSOLUTE
    _printf_return_value                     0x00000000   Number         0  stubs.o ABSOLUTE
    _printf_s                                0x00000000   Number         0  stubs.o ABSOLUTE
    _printf_sizespec                         0x00000000   Number         0  stubs.o ABSOLUTE
    _printf_str                              0x00000000   Number         0  stubs.o ABSOLUTE
    _printf_truncate_signed                  0x00000000   Number         0  stubs.o ABSOLUTE
    _printf_truncate_unsigned                0x00000000   Number         0  stubs.o ABSOLUTE
    _printf_u                                0x00000000   Number         0  stubs.o ABSOLUTE
    _printf_wc                               0x00000000   Number         0  stubs.o ABSOLUTE
    _printf_wctomb                           0x00000000   Number         0  stubs.o ABSOLUTE
    _printf_widthprec                        0x00000000   Number         0  stubs.o ABSOLUTE
    _printf_x                                0x00000000   Number         0  stubs.o ABSOLUTE
    __cpp_initialize__aeabi_                  - Undefined Weak Reference
    __cxa_finalize                            - Undefined Weak Reference
    __decompress                              - Undefined Weak Reference
    _clock_init                               - Undefined Weak Reference
    _microlib_exit                            - Undefined Weak Reference
    __Vectors_Size                           0x000001ac   Number         0  startup_stm32f429xx.o ABSOLUTE
    __Vectors                                0x08000000   Data           4  startup_stm32f429xx.o(RESET)
    __Vectors_End                            0x080001ac   Data           0  startup_stm32f429xx.o(RESET)
    __main                                   0x080001ad   Thumb Code     0  entry.o(.ARM.Collect$$$$00000000)
    _main_stk                                0x080001ad   Thumb Code     0  entry2.o(.ARM.Collect$$$$00000001)
    _main_scatterload                        0x080001b1   Thumb Code     0  entry5.o(.ARM.Collect$$$$00000004)
    __main_after_scatterload                 0x080001b5   Thumb Code     0  entry5.o(.ARM.Collect$$$$00000004)
    _main_clock                              0x080001b5   Thumb Code     0  entry7b.o(.ARM.Collect$$$$00000008)
    _main_cpp_init                           0x080001b5   Thumb Code     0  entry8b.o(.ARM.Collect$$$$0000000A)
    _main_init                               0x080001b5   Thumb Code     0  entry9a.o(.ARM.Collect$$$$0000000B)
    __rt_final_cpp                           0x080001bd   Thumb Code     0  entry10a.o(.ARM.Collect$$$$0000000D)
    __rt_final_exit                          0x080001bd   Thumb Code     0  entry11a.o(.ARM.Collect$$$$0000000F)
    Reset_Handler                            0x080001c1   Thumb Code     8  startup_stm32f429xx.o(.text)
    ADC_IRQHandler                           0x080001db   Thumb Code     0  startup_stm32f429xx.o(.text)
    CAN1_RX0_IRQHandler                      0x080001db   Thumb Code     0  startup_stm32f429xx.o(.text)
    CAN1_RX1_IRQHandler                      0x080001db   Thumb Code     0  startup_stm32f429xx.o(.text)
    CAN1_SCE_IRQHandler                      0x080001db   Thumb Code     0  startup_stm32f429xx.o(.text)
    CAN1_TX_IRQHandler                       0x080001db   Thumb Code     0  startup_stm32f429xx.o(.text)
    CAN2_RX0_IRQHandler                      0x080001db   Thumb Code     0  startup_stm32f429xx.o(.text)
    CAN2_RX1_IRQHandler                      0x080001db   Thumb Code     0  startup_stm32f429xx.o(.text)
    CAN2_SCE_IRQHandler                      0x080001db   Thumb Code     0  startup_stm32f429xx.o(.text)
    CAN2_TX_IRQHandler                       0x080001db   Thumb Code     0  startup_stm32f429xx.o(.text)
    DCMI_IRQHandler                          0x080001db   Thumb Code     0  startup_stm32f429xx.o(.text)
    DMA1_Stream0_IRQHandler                  0x080001db   Thumb Code     0  startup_stm32f429xx.o(.text)
    DMA1_Stream1_IRQHandler                  0x080001db   Thumb Code     0  startup_stm32f429xx.o(.text)
    DMA1_Stream2_IRQHandler                  0x080001db   Thumb Code     0  startup_stm32f429xx.o(.text)
    DMA1_Stream3_IRQHandler                  0x080001db   Thumb Code     0  startup_stm32f429xx.o(.text)
    DMA1_Stream4_IRQHandler                  0x080001db   Thumb Code     0  startup_stm32f429xx.o(.text)
    DMA1_Stream5_IRQHandler                  0x080001db   Thumb Code     0  startup_stm32f429xx.o(.text)
    DMA1_Stream6_IRQHandler                  0x080001db   Thumb Code     0  startup_stm32f429xx.o(.text)
    DMA1_Stream7_IRQHandler                  0x080001db   Thumb Code     0  startup_stm32f429xx.o(.text)
    DMA2D_IRQHandler                         0x080001db   Thumb Code     0  startup_stm32f429xx.o(.text)
    DMA2_Stream0_IRQHandler                  0x080001db   Thumb Code     0  startup_stm32f429xx.o(.text)
    DMA2_Stream1_IRQHandler                  0x080001db   Thumb Code     0  startup_stm32f429xx.o(.text)
    DMA2_Stream2_IRQHandler                  0x080001db   Thumb Code     0  startup_stm32f429xx.o(.text)
    DMA2_Stream3_IRQHandler                  0x080001db   Thumb Code     0  startup_stm32f429xx.o(.text)
    DMA2_Stream4_IRQHandler                  0x080001db   Thumb Code     0  startup_stm32f429xx.o(.text)
    DMA2_Stream5_IRQHandler                  0x080001db   Thumb Code     0  startup_stm32f429xx.o(.text)
    DMA2_Stream6_IRQHandler                  0x080001db   Thumb Code     0  startup_stm32f429xx.o(.text)
    DMA2_Stream7_IRQHandler                  0x080001db   Thumb Code     0  startup_stm32f429xx.o(.text)
    ETH_IRQHandler                           0x080001db   Thumb Code     0  startup_stm32f429xx.o(.text)
    ETH_WKUP_IRQHandler                      0x080001db   Thumb Code     0  startup_stm32f429xx.o(.text)
    EXTI0_IRQHandler                         0x080001db   Thumb Code     0  startup_stm32f429xx.o(.text)
    EXTI15_10_IRQHandler                     0x080001db   Thumb Code     0  startup_stm32f429xx.o(.text)
    EXTI1_IRQHandler                         0x080001db   Thumb Code     0  startup_stm32f429xx.o(.text)
    EXTI2_IRQHandler                         0x080001db   Thumb Code     0  startup_stm32f429xx.o(.text)
    EXTI3_IRQHandler                         0x080001db   Thumb Code     0  startup_stm32f429xx.o(.text)
    EXTI4_IRQHandler                         0x080001db   Thumb Code     0  startup_stm32f429xx.o(.text)
    EXTI9_5_IRQHandler                       0x080001db   Thumb Code     0  startup_stm32f429xx.o(.text)
    FLASH_IRQHandler                         0x080001db   Thumb Code     0  startup_stm32f429xx.o(.text)
    FMC_IRQHandler                           0x080001db   Thumb Code     0  startup_stm32f429xx.o(.text)
    FPU_IRQHandler                           0x080001db   Thumb Code     0  startup_stm32f429xx.o(.text)
    HASH_RNG_IRQHandler                      0x080001db   Thumb Code     0  startup_stm32f429xx.o(.text)
    I2C1_ER_IRQHandler                       0x080001db   Thumb Code     0  startup_stm32f429xx.o(.text)
    I2C1_EV_IRQHandler                       0x080001db   Thumb Code     0  startup_stm32f429xx.o(.text)
    I2C2_ER_IRQHandler                       0x080001db   Thumb Code     0  startup_stm32f429xx.o(.text)
    I2C2_EV_IRQHandler                       0x080001db   Thumb Code     0  startup_stm32f429xx.o(.text)
    I2C3_ER_IRQHandler                       0x080001db   Thumb Code     0  startup_stm32f429xx.o(.text)
    I2C3_EV_IRQHandler                       0x080001db   Thumb Code     0  startup_stm32f429xx.o(.text)
    LTDC_ER_IRQHandler                       0x080001db   Thumb Code     0  startup_stm32f429xx.o(.text)
    LTDC_IRQHandler                          0x080001db   Thumb Code     0  startup_stm32f429xx.o(.text)
    OTG_FS_IRQHandler                        0x080001db   Thumb Code     0  startup_stm32f429xx.o(.text)
    OTG_FS_WKUP_IRQHandler                   0x080001db   Thumb Code     0  startup_stm32f429xx.o(.text)
    OTG_HS_EP1_IN_IRQHandler                 0x080001db   Thumb Code     0  startup_stm32f429xx.o(.text)
    OTG_HS_EP1_OUT_IRQHandler                0x080001db   Thumb Code     0  startup_stm32f429xx.o(.text)
    OTG_HS_IRQHandler                        0x080001db   Thumb Code     0  startup_stm32f429xx.o(.text)
    OTG_HS_WKUP_IRQHandler                   0x080001db   Thumb Code     0  startup_stm32f429xx.o(.text)
    PVD_IRQHandler                           0x080001db   Thumb Code     0  startup_stm32f429xx.o(.text)
    RCC_IRQHandler                           0x080001db   Thumb Code     0  startup_stm32f429xx.o(.text)
    RTC_Alarm_IRQHandler                     0x080001db   Thumb Code     0  startup_stm32f429xx.o(.text)
    RTC_WKUP_IRQHandler                      0x080001db   Thumb Code     0  startup_stm32f429xx.o(.text)
    SAI1_IRQHandler                          0x080001db   Thumb Code     0  startup_stm32f429xx.o(.text)
    SDIO_IRQHandler                          0x080001db   Thumb Code     0  startup_stm32f429xx.o(.text)
    SPI1_IRQHandler                          0x080001db   Thumb Code     0  startup_stm32f429xx.o(.text)
    SPI2_IRQHandler                          0x080001db   Thumb Code     0  startup_stm32f429xx.o(.text)
    SPI3_IRQHandler                          0x080001db   Thumb Code     0  startup_stm32f429xx.o(.text)
    SPI4_IRQHandler                          0x080001db   Thumb Code     0  startup_stm32f429xx.o(.text)
    SPI5_IRQHandler                          0x080001db   Thumb Code     0  startup_stm32f429xx.o(.text)
    SPI6_IRQHandler                          0x080001db   Thumb Code     0  startup_stm32f429xx.o(.text)
    TAMP_STAMP_IRQHandler                    0x080001db   Thumb Code     0  startup_stm32f429xx.o(.text)
    TIM1_BRK_TIM9_IRQHandler                 0x080001db   Thumb Code     0  startup_stm32f429xx.o(.text)
    TIM1_CC_IRQHandler                       0x080001db   Thumb Code     0  startup_stm32f429xx.o(.text)
    TIM1_TRG_COM_TIM11_IRQHandler            0x080001db   Thumb Code     0  startup_stm32f429xx.o(.text)
    TIM2_IRQHandler                          0x080001db   Thumb Code     0  startup_stm32f429xx.o(.text)
    TIM5_IRQHandler                          0x080001db   Thumb Code     0  startup_stm32f429xx.o(.text)
    TIM6_DAC_IRQHandler                      0x080001db   Thumb Code     0  startup_stm32f429xx.o(.text)
    TIM7_IRQHandler                          0x080001db   Thumb Code     0  startup_stm32f429xx.o(.text)
    TIM8_BRK_TIM12_IRQHandler                0x080001db   Thumb Code     0  startup_stm32f429xx.o(.text)
    TIM8_CC_IRQHandler                       0x080001db   Thumb Code     0  startup_stm32f429xx.o(.text)
    TIM8_TRG_COM_TIM14_IRQHandler            0x080001db   Thumb Code     0  startup_stm32f429xx.o(.text)
    TIM8_UP_TIM13_IRQHandler                 0x080001db   Thumb Code     0  startup_stm32f429xx.o(.text)
    UART4_IRQHandler                         0x080001db   Thumb Code     0  startup_stm32f429xx.o(.text)
    UART5_IRQHandler                         0x080001db   Thumb Code     0  startup_stm32f429xx.o(.text)
    UART7_IRQHandler                         0x080001db   Thumb Code     0  startup_stm32f429xx.o(.text)
    UART8_IRQHandler                         0x080001db   Thumb Code     0  startup_stm32f429xx.o(.text)
    USART1_IRQHandler                        0x080001db   Thumb Code     0  startup_stm32f429xx.o(.text)
    USART3_IRQHandler                        0x080001db   Thumb Code     0  startup_stm32f429xx.o(.text)
    USART6_IRQHandler                        0x080001db   Thumb Code     0  startup_stm32f429xx.o(.text)
    WWDG_IRQHandler                          0x080001db   Thumb Code     0  startup_stm32f429xx.o(.text)
    __aeabi_memcpy                           0x080001e5   Thumb Code    36  memcpya.o(.text)
    __aeabi_memcpy4                          0x080001e5   Thumb Code     0  memcpya.o(.text)
    __aeabi_memcpy8                          0x080001e5   Thumb Code     0  memcpya.o(.text)
    __aeabi_memset                           0x08000209   Thumb Code    14  memseta.o(.text)
    __aeabi_memset4                          0x08000209   Thumb Code     0  memseta.o(.text)
    __aeabi_memset8                          0x08000209   Thumb Code     0  memseta.o(.text)
    __aeabi_memclr                           0x08000217   Thumb Code     4  memseta.o(.text)
    __aeabi_memclr4                          0x08000217   Thumb Code     0  memseta.o(.text)
    __aeabi_memclr8                          0x08000217   Thumb Code     0  memseta.o(.text)
    _memset$wrapper                          0x0800021b   Thumb Code    18  memseta.o(.text)
    strstr                                   0x0800022d   Thumb Code    36  strstr.o(.text)
    strlen                                   0x08000251   Thumb Code    14  strlen.o(.text)
    memcmp                                   0x0800025f   Thumb Code    26  memcmp.o(.text)
    __aeabi_uidiv                            0x08000279   Thumb Code     0  uidiv.o(.text)
    __aeabi_uidivmod                         0x08000279   Thumb Code    44  uidiv.o(.text)
    __aeabi_uldivmod                         0x080002a5   Thumb Code    98  uldiv.o(.text)
    __I$use$fp                               0x08000307   Thumb Code     0  iusefp.o(.text)
    __aeabi_dadd                             0x08000307   Thumb Code   322  dadd.o(.text)
    __aeabi_dsub                             0x08000449   Thumb Code     6  dadd.o(.text)
    __aeabi_drsub                            0x0800044f   Thumb Code     6  dadd.o(.text)
    __aeabi_dmul                             0x08000455   Thumb Code   228  dmul.o(.text)
    __aeabi_ddiv                             0x08000539   Thumb Code   222  ddiv.o(.text)
    __aeabi_d2ulz                            0x08000617   Thumb Code    48  dfixul.o(.text)
    __aeabi_cdrcmple                         0x08000649   Thumb Code    48  cdrcmple.o(.text)
    __scatterload                            0x08000679   Thumb Code    28  init.o(.text)
    __scatterload_rt2                        0x08000679   Thumb Code     0  init.o(.text)
    __aeabi_llsl                             0x0800069d   Thumb Code    30  llshl.o(.text)
    _ll_shift_l                              0x0800069d   Thumb Code     0  llshl.o(.text)
    __aeabi_llsr                             0x080006bb   Thumb Code    32  llushr.o(.text)
    _ll_ushift_r                             0x080006bb   Thumb Code     0  llushr.o(.text)
    __aeabi_lasr                             0x080006db   Thumb Code    36  llsshr.o(.text)
    _ll_sshift_r                             0x080006db   Thumb Code     0  llsshr.o(.text)
    _double_round                            0x080006ff   Thumb Code    30  depilogue.o(.text)
    _double_epilogue                         0x0800071d   Thumb Code   156  depilogue.o(.text)
    AliIotParameter_Init                     0x080007b9   Thumb Code   204  mqtt.o(i.AliIotParameter_Init)
    BusFault_Handler                         0x08000951   Thumb Code     4  stm32f4xx_it.o(i.BusFault_Handler)
    CMDBuf_Deal                              0x08000955   Thumb Code    88  mqtt.o(i.CMDBuf_Deal)
    DebugMon_Handler                         0x080009b1   Thumb Code     2  stm32f4xx_it.o(i.DebugMon_Handler)
    Delay1ms                                 0x080009b3   Thumb Code    24  main.o(i.Delay1ms)
    EspAtUsart2_Init                         0x080009cd   Thumb Code   240  usart2deal.o(i.EspAtUsart2_Init)
    EspAt_TxData                             0x08000acd   Thumb Code    52  usart2deal.o(i.EspAt_TxData)
    EspAt_printf                             0x08000b05   Thumb Code    84  usart2deal.o(i.EspAt_printf)
    GPIO_Init                                0x08000b61   Thumb Code   144  stm32f4xx_gpio.o(i.GPIO_Init)
    GPIO_PinAFConfig                         0x08000bf1   Thumb Code    70  stm32f4xx_gpio.o(i.GPIO_PinAFConfig)
    GPIO_ReadInputDataBit                    0x08000c37   Thumb Code    18  stm32f4xx_gpio.o(i.GPIO_ReadInputDataBit)
    GPIO_ReadOutputDataBit                   0x08000c49   Thumb Code    18  stm32f4xx_gpio.o(i.GPIO_ReadOutputDataBit)
    GPIO_SetBits                             0x08000c5b   Thumb Code     4  stm32f4xx_gpio.o(i.GPIO_SetBits)
    GPIO_WriteBit                            0x08000c5f   Thumb Code    10  stm32f4xx_gpio.o(i.GPIO_WriteBit)
    HardFault_Handler                        0x08000c69   Thumb Code     4  stm32f4xx_it.o(i.HardFault_Handler)
    Key_Init                                 0x08000c6d   Thumb Code    60  keydeal.o(i.Key_Init)
    LED_AllOff                               0x08000cad   Thumb Code    40  leddeal.o(i.LED_AllOff)
    LED_CD_State                             0x08000cdd   Thumb Code    66  main.o(i.LED_CD_State)
    LED_Init                                 0x08000d35   Thumb Code    98  leddeal.o(i.LED_Init)
    MQTTRecDealPushdataQs0                   0x08000da1   Thumb Code   150  mqtt.o(i.MQTTRecDealPushdataQs0)
    MemClearSram                             0x08000e55   Thumb Code    24  datamath.o(i.MemClearSram)
    MemClearSram2                            0x08000e6d   Thumb Code    22  datamath.o(i.MemClearSram2)
    MemCopyFlashToSram                       0x08000e83   Thumb Code    28  datamath.o(i.MemCopyFlashToSram)
    MemCopyFlashToSram2                      0x08000e9f   Thumb Code    28  datamath.o(i.MemCopyFlashToSram2)
    MemManage_Handler                        0x08000ebb   Thumb Code     4  stm32f4xx_it.o(i.MemManage_Handler)
    MqttBufRe_Init                           0x08000ec1   Thumb Code   248  mqtt.o(i.MqttBufRe_Init)
    MqttBuff_Init                            0x08000fc9   Thumb Code   130  mqtt.o(i.MqttBuff_Init)
    MqttSendConnectPack                      0x0800105d   Thumb Code   446  mqtt.o(i.MqttSendConnectPack)
    MqttSendPingReq                          0x08001225   Thumb Code    36  mqtt.o(i.MqttSendPingReq)
    MqttSendPublishQs0                       0x0800124d   Thumb Code   180  mqtt.o(i.MqttSendPublishQs0)
    MqttSendSubscribe                        0x08001305   Thumb Code   186  mqtt.o(i.MqttSendSubscribe)
    NMI_Handler                              0x080013c5   Thumb Code     2  stm32f4xx_it.o(i.NMI_Handler)
    NVIC_Configuration                       0x080013c7   Thumb Code    12  main.o(i.NVIC_Configuration)
    NVIC_Init                                0x080013d5   Thumb Code   106  misc.o(i.NVIC_Init)
    NVIC_PriorityGroupConfig                 0x0800144d   Thumb Code    10  misc.o(i.NVIC_PriorityGroupConfig)
    PendSV_Handler                           0x08001461   Thumb Code     2  stm32f4xx_it.o(i.PendSV_Handler)
    PrintUsart1_Init                         0x08001465   Thumb Code   170  usart1deal.o(i.PrintUsart1_Init)
    RCC_AHB1PeriphClockCmd                   0x08001519   Thumb Code    26  stm32f4xx_rcc.o(i.RCC_AHB1PeriphClockCmd)
    RCC_APB1PeriphClockCmd                   0x08001539   Thumb Code    26  stm32f4xx_rcc.o(i.RCC_APB1PeriphClockCmd)
    RCC_APB1PeriphResetCmd                   0x08001559   Thumb Code    26  stm32f4xx_rcc.o(i.RCC_APB1PeriphResetCmd)
    RCC_APB2PeriphClockCmd                   0x08001579   Thumb Code    26  stm32f4xx_rcc.o(i.RCC_APB2PeriphClockCmd)
    RCC_APB2PeriphResetCmd                   0x08001599   Thumb Code    26  stm32f4xx_rcc.o(i.RCC_APB2PeriphResetCmd)
    RCC_GetClocksFreq                        0x080015b9   Thumb Code   214  stm32f4xx_rcc.o(i.RCC_GetClocksFreq)
    RCC_GetFlagStatus                        0x080016a1   Thumb Code    60  stm32f4xx_rcc.o(i.RCC_GetFlagStatus)
    RCC_LSICmd                               0x080016e1   Thumb Code     6  stm32f4xx_rcc.o(i.RCC_LSICmd)
    SVC_Handler                              0x080016ed   Thumb Code     2  stm32f4xx_it.o(i.SVC_Handler)
    SysTick_CLKSourceConfig                  0x08001811   Thumb Code    40  misc.o(i.SysTick_CLKSourceConfig)
    SysTick_Handler                          0x08001839   Thumb Code     2  stm32f4xx_it.o(i.SysTick_Handler)
    SystemInit                               0x0800183d   Thumb Code    88  system_stm32f4xx.o(i.SystemInit)
    TIM1Enable60s                            0x080018a5   Thumb Code   116  timer1.o(i.TIM1Enable60s)
    TIM1_UP_TIM10_IRQHandler                 0x0800191d   Thumb Code    84  stm32f4xx_it.o(i.TIM1_UP_TIM10_IRQHandler)
    TIM3_ENABLE_2S                           0x0800197d   Thumb Code   114  timer3.o(i.TIM3_ENABLE_2S)
    TIM3_ENABLE_30S                          0x080019f5   Thumb Code   112  timer3.o(i.TIM3_ENABLE_30S)
    TIM3_IRQHandler                          0x08001a69   Thumb Code   108  stm32f4xx_it.o(i.TIM3_IRQHandler)
    TIM4_IRQHandler                          0x08001ae1   Thumb Code   110  stm32f4xx_it.o(i.TIM4_IRQHandler)
    TIM_ClearITPendingBit                    0x08001b65   Thumb Code     6  stm32f4xx_tim.o(i.TIM_ClearITPendingBit)
    TIM_Cmd                                  0x08001b6b   Thumb Code    24  stm32f4xx_tim.o(i.TIM_Cmd)
    TIM_DeInit                               0x08001b85   Thumb Code   346  stm32f4xx_tim.o(i.TIM_DeInit)
    TIM_GetITStatus                          0x08001d15   Thumb Code    34  stm32f4xx_tim.o(i.TIM_GetITStatus)
    TIM_ITConfig                             0x08001d37   Thumb Code    18  stm32f4xx_tim.o(i.TIM_ITConfig)
    TIM_SetCounter                           0x08001d49   Thumb Code     4  stm32f4xx_tim.o(i.TIM_SetCounter)
    TIM_TimeBaseInit                         0x08001d4d   Thumb Code   104  stm32f4xx_tim.o(i.TIM_TimeBaseInit)
    Timer4_Init                              0x08001dd1   Thumb Code   104  timer4.o(i.Timer4_Init)
    TxDataBuf_Deal                           0x08001e3d   Thumb Code    76  mqtt.o(i.TxDataBuf_Deal)
    USART2_IRQHandler                        0x08001e8d   Thumb Code   112  stm32f4xx_it.o(i.USART2_IRQHandler)
    USART_ClearFlag                          0x08001f0d   Thumb Code    18  stm32f4xx_usart.o(i.USART_ClearFlag)
    USART_Cmd                                0x08001f1f   Thumb Code    24  stm32f4xx_usart.o(i.USART_Cmd)
    USART_GetITStatus                        0x08001f37   Thumb Code    84  stm32f4xx_usart.o(i.USART_GetITStatus)
    USART_ITConfig                           0x08001f8b   Thumb Code    74  stm32f4xx_usart.o(i.USART_ITConfig)
    USART_Init                               0x08001fd5   Thumb Code   204  stm32f4xx_usart.o(i.USART_Init)
    UsageFault_Handler                       0x080020a9   Thumb Code     4  stm32f4xx_it.o(i.UsageFault_Handler)
    WiFiConnectServer                        0x080020ad   Thumb Code   204  wifi.o(i.WiFiConnectServer)
    WiFiJoinAP                               0x08002205   Thumb Code    90  wifi.o(i.WiFiJoinAP)
    WiFiResetIO_Init                         0x080022b1   Thumb Code    64  wifi.o(i.WiFiResetIO_Init)
    WiFiSendCmd                              0x080022f9   Thumb Code    90  wifi.o(i.WiFiSendCmd)
    WiFiSmartconfig                          0x0800236d   Thumb Code    80  wifi.o(i.WiFiSmartconfig)
    WiFiWaitAP                               0x080023d5   Thumb Code    62  wifi.o(i.WiFiWaitAP)
    WifiConnectIoTServer                     0x0800242d   Thumb Code   376  wifi.o(i.WifiConnectIoTServer)
    __0sprintf                               0x080028fd   Thumb Code    34  printfa.o(i.__0sprintf)
    __1sprintf                               0x080028fd   Thumb Code     0  printfa.o(i.__0sprintf)
    __2sprintf                               0x080028fd   Thumb Code     0  printfa.o(i.__0sprintf)
    __c89sprintf                             0x080028fd   Thumb Code     0  printfa.o(i.__0sprintf)
    sprintf                                  0x080028fd   Thumb Code     0  printfa.o(i.__0sprintf)
    __0vsprintf                              0x08002925   Thumb Code    30  printfa.o(i.__0vsprintf)
    __1vsprintf                              0x08002925   Thumb Code     0  printfa.o(i.__0vsprintf)
    __2vsprintf                              0x08002925   Thumb Code     0  printfa.o(i.__0vsprintf)
    __c89vsprintf                            0x08002925   Thumb Code     0  printfa.o(i.__0vsprintf)
    vsprintf                                 0x08002925   Thumb Code     0  printfa.o(i.__0vsprintf)
    __scatterload_copy                       0x08002949   Thumb Code    14  handlers.o(i.__scatterload_copy)
    __scatterload_null                       0x08002957   Thumb Code     2  handlers.o(i.__scatterload_null)
    __scatterload_zeroinit                   0x08002959   Thumb Code    14  handlers.o(i.__scatterload_zeroinit)
    delay_init                               0x08003225   Thumb Code    52  delay.o(i.delay_init)
    delay_us                                 0x08003261   Thumb Code    72  delay.o(i.delay_us)
    main                                     0x080032ad   Thumb Code   996  main.o(i.main)
    u1_printf                                0x080038d5   Thumb Code    82  usart1deal.o(i.u1_printf)
    utils_hb2hex                             0x08003931   Thumb Code    24  utils_md5.o(i.utils_hb2hex)
    utils_hmac_sha1                          0x08003949   Thumb Code   232  utils_hmac.o(i.utils_hmac_sha1)
    utils_sha1_finish                        0x08003a31   Thumb Code   228  utils_sha1.o(i.utils_sha1_finish)
    utils_sha1_init                          0x08003b19   Thumb Code    14  utils_sha1.o(i.utils_sha1_init)
    utils_sha1_process                       0x08003b29   Thumb Code  6420  utils_sha1.o(i.utils_sha1_process)
    utils_sha1_starts                        0x08005445   Thumb Code    30  utils_sha1.o(i.utils_sha1_starts)
    utils_sha1_update                        0x08005471   Thumb Code   124  utils_sha1.o(i.utils_sha1_update)
    cDeviceMsgDefault                        0x080054ec   Data         363  mqtt.o(.constdata)
    Region$$Table$$Base                      0x080056bc   Number         0  anon$$obj.o(Region$$Table)
    Region$$Table$$Limit                     0x080056dc   Number         0  anon$$obj.o(Region$$Table)
    TimingDelay                              0x20000000   Data           4  main.o(.data)
    CDTime                                   0x20000004   Data           4  main.o(.data)
    CMD1                                     0x20000008   Data           4  main.o(.data)
    CMD2                                     0x2000000c   Data           4  main.o(.data)
    CMD3                                     0x20000010   Data           4  main.o(.data)
    gbitEspAt                                0x20000014   Data           1  usart2deal.o(.data)
    gbitMqtt                                 0x20000015   Data           1  mqtt.o(.data)
    gbitWifi                                 0x20000016   Data           1  wifi.o(.data)
    gstvPrintf                               0x2000002c   Data         256  usart1deal.o(.bss)
    gstvEspAt                                0x2000012c   Data        2050  usart2deal.o(.bss)
    gstvMqtt                                 0x20000930   Data       12844  mqtt.o(.bss)
    gstvDevice                               0x20003b5c   Data         363  mqtt.o(.bss)
    gstvUserNet                              0x20003cc8   Data         520  mqtt.o(.bss)
    __initial_sp                             0x200042d0   Data           0  startup_stm32f429xx.o(STACK)



==============================================================================

Memory Map of the image

  Image Entry point : 0x080001ad

  Load Region LR_IROM1 (Base: 0x08000000, Size: 0x00005708, Max: 0x00080000, ABSOLUTE)

    Execution Region ER_IROM1 (Base: 0x08000000, Size: 0x000056dc, Max: 0x00080000, ABSOLUTE)

    Base Addr    Size         Type   Attr      Idx    E Section Name        Object

    0x08000000   0x000001ac   Data   RO         6035    RESET               startup_stm32f429xx.o
    0x080001ac   0x00000000   Code   RO         6172  * .ARM.Collect$$$$00000000  mc_w.l(entry.o)
    0x080001ac   0x00000004   Code   RO         6448    .ARM.Collect$$$$00000001  mc_w.l(entry2.o)
    0x080001b0   0x00000004   Code   RO         6451    .ARM.Collect$$$$00000004  mc_w.l(entry5.o)
    0x080001b4   0x00000000   Code   RO         6453    .ARM.Collect$$$$00000008  mc_w.l(entry7b.o)
    0x080001b4   0x00000000   Code   RO         6455    .ARM.Collect$$$$0000000A  mc_w.l(entry8b.o)
    0x080001b4   0x00000008   Code   RO         6456    .ARM.Collect$$$$0000000B  mc_w.l(entry9a.o)
    0x080001bc   0x00000000   Code   RO         6458    .ARM.Collect$$$$0000000D  mc_w.l(entry10a.o)
    0x080001bc   0x00000000   Code   RO         6460    .ARM.Collect$$$$0000000F  mc_w.l(entry11a.o)
    0x080001bc   0x00000004   Code   RO         6449    .ARM.Collect$$$$00002712  mc_w.l(entry2.o)
    0x080001c0   0x00000024   Code   RO         6036    .text               startup_stm32f429xx.o
    0x080001e4   0x00000024   Code   RO         6175    .text               mc_w.l(memcpya.o)
    0x08000208   0x00000024   Code   RO         6177    .text               mc_w.l(memseta.o)
    0x0800022c   0x00000024   Code   RO         6179    .text               mc_w.l(strstr.o)
    0x08000250   0x0000000e   Code   RO         6181    .text               mc_w.l(strlen.o)
    0x0800025e   0x0000001a   Code   RO         6183    .text               mc_w.l(memcmp.o)
    0x08000278   0x0000002c   Code   RO         6463    .text               mc_w.l(uidiv.o)
    0x080002a4   0x00000062   Code   RO         6465    .text               mc_w.l(uldiv.o)
    0x08000306   0x00000000   Code   RO         6467    .text               mc_w.l(iusefp.o)
    0x08000306   0x0000014e   Code   RO         6468    .text               mf_w.l(dadd.o)
    0x08000454   0x000000e4   Code   RO         6470    .text               mf_w.l(dmul.o)
    0x08000538   0x000000de   Code   RO         6472    .text               mf_w.l(ddiv.o)
    0x08000616   0x00000030   Code   RO         6474    .text               mf_w.l(dfixul.o)
    0x08000646   0x00000002   PAD
    0x08000648   0x00000030   Code   RO         6476    .text               mf_w.l(cdrcmple.o)
    0x08000678   0x00000024   Code   RO         6478    .text               mc_w.l(init.o)
    0x0800069c   0x0000001e   Code   RO         6480    .text               mc_w.l(llshl.o)
    0x080006ba   0x00000020   Code   RO         6482    .text               mc_w.l(llushr.o)
    0x080006da   0x00000024   Code   RO         6484    .text               mc_w.l(llsshr.o)
    0x080006fe   0x000000ba   Code   RO         6486    .text               mf_w.l(depilogue.o)
    0x080007b8   0x00000198   Code   RO          394    i.AliIotParameter_Init  mqtt.o
    0x08000950   0x00000004   Code   RO         6042    i.BusFault_Handler  stm32f4xx_it.o
    0x08000954   0x0000005c   Code   RO          395    i.CMDBuf_Deal       mqtt.o
    0x080009b0   0x00000002   Code   RO         6043    i.DebugMon_Handler  stm32f4xx_it.o
    0x080009b2   0x00000018   Code   RO            3    i.Delay1ms          main.o
    0x080009ca   0x00000002   PAD
    0x080009cc   0x00000100   Code   RO          277    i.EspAtUsart2_Init  usart2deal.o
    0x08000acc   0x00000038   Code   RO          278    i.EspAt_TxData      usart2deal.o
    0x08000b04   0x0000005c   Code   RO          279    i.EspAt_printf      usart2deal.o
    0x08000b60   0x00000090   Code   RO         2855    i.GPIO_Init         stm32f4xx_gpio.o
    0x08000bf0   0x00000046   Code   RO         2856    i.GPIO_PinAFConfig  stm32f4xx_gpio.o
    0x08000c36   0x00000012   Code   RO         2859    i.GPIO_ReadInputDataBit  stm32f4xx_gpio.o
    0x08000c48   0x00000012   Code   RO         2861    i.GPIO_ReadOutputDataBit  stm32f4xx_gpio.o
    0x08000c5a   0x00000004   Code   RO         2863    i.GPIO_SetBits      stm32f4xx_gpio.o
    0x08000c5e   0x0000000a   Code   RO         2867    i.GPIO_WriteBit     stm32f4xx_gpio.o
    0x08000c68   0x00000004   Code   RO         6044    i.HardFault_Handler  stm32f4xx_it.o
    0x08000c6c   0x00000040   Code   RO          342    i.Key_Init          keydeal.o
    0x08000cac   0x00000030   Code   RO          362    i.LED_AllOff        leddeal.o
    0x08000cdc   0x00000058   Code   RO            5    i.LED_CD_State      main.o
    0x08000d34   0x0000006c   Code   RO          364    i.LED_Init          leddeal.o
    0x08000da0   0x000000b4   Code   RO          396    i.MQTTRecDealPushdataQs0  mqtt.o
    0x08000e54   0x00000018   Code   RO          634    i.MemClearSram      datamath.o
    0x08000e6c   0x00000016   Code   RO          635    i.MemClearSram2     datamath.o
    0x08000e82   0x0000001c   Code   RO          644    i.MemCopyFlashToSram  datamath.o
    0x08000e9e   0x0000001c   Code   RO          645    i.MemCopyFlashToSram2  datamath.o
    0x08000eba   0x00000004   Code   RO         6045    i.MemManage_Handler  stm32f4xx_it.o
    0x08000ebe   0x00000002   PAD
    0x08000ec0   0x00000108   Code   RO          397    i.MqttBufRe_Init    mqtt.o
    0x08000fc8   0x00000094   Code   RO          398    i.MqttBuff_Init     mqtt.o
    0x0800105c   0x000001c8   Code   RO          399    i.MqttSendConnectPack  mqtt.o
    0x08001224   0x00000028   Code   RO          400    i.MqttSendPingReq   mqtt.o
    0x0800124c   0x000000b8   Code   RO          401    i.MqttSendPublishQs0  mqtt.o
    0x08001304   0x000000c0   Code   RO          402    i.MqttSendSubscribe  mqtt.o
    0x080013c4   0x00000002   Code   RO         6046    i.NMI_Handler       stm32f4xx_it.o
    0x080013c6   0x0000000c   Code   RO            6    i.NVIC_Configuration  main.o
    0x080013d2   0x00000002   PAD
    0x080013d4   0x00000078   Code   RO         1266    i.NVIC_Init         misc.o
    0x0800144c   0x00000014   Code   RO         1267    i.NVIC_PriorityGroupConfig  misc.o
    0x08001460   0x00000002   Code   RO         6047    i.PendSV_Handler    stm32f4xx_it.o
    0x08001462   0x00000002   PAD
    0x08001464   0x000000b4   Code   RO          230    i.PrintUsart1_Init  usart1deal.o
    0x08001518   0x00000020   Code   RO         3716    i.RCC_AHB1PeriphClockCmd  stm32f4xx_rcc.o
    0x08001538   0x00000020   Code   RO         3725    i.RCC_APB1PeriphClockCmd  stm32f4xx_rcc.o
    0x08001558   0x00000020   Code   RO         3727    i.RCC_APB1PeriphResetCmd  stm32f4xx_rcc.o
    0x08001578   0x00000020   Code   RO         3728    i.RCC_APB2PeriphClockCmd  stm32f4xx_rcc.o
    0x08001598   0x00000020   Code   RO         3730    i.RCC_APB2PeriphResetCmd  stm32f4xx_rcc.o
    0x080015b8   0x000000e8   Code   RO         3737    i.RCC_GetClocksFreq  stm32f4xx_rcc.o
    0x080016a0   0x00000040   Code   RO         3738    i.RCC_GetFlagStatus  stm32f4xx_rcc.o
    0x080016e0   0x0000000c   Code   RO         3748    i.RCC_LSICmd        stm32f4xx_rcc.o
    0x080016ec   0x00000002   Code   RO         6048    i.SVC_Handler       stm32f4xx_it.o
    0x080016ee   0x00000002   PAD
    0x080016f0   0x00000120   Code   RO         6137    i.SetSysClock       system_stm32f4xx.o
    0x08001810   0x00000028   Code   RO         1270    i.SysTick_CLKSourceConfig  misc.o
    0x08001838   0x00000002   Code   RO         6049    i.SysTick_Handler   stm32f4xx_it.o
    0x0800183a   0x00000002   PAD
    0x0800183c   0x00000068   Code   RO         6139    i.SystemInit        system_stm32f4xx.o
    0x080018a4   0x00000078   Code   RO          489    i.TIM1Enable60s     timer1.o
    0x0800191c   0x00000060   Code   RO         6050    i.TIM1_UP_TIM10_IRQHandler  stm32f4xx_it.o
    0x0800197c   0x00000078   Code   RO          509    i.TIM3_ENABLE_2S    timer3.o
    0x080019f4   0x00000074   Code   RO          510    i.TIM3_ENABLE_30S   timer3.o
    0x08001a68   0x00000078   Code   RO         6051    i.TIM3_IRQHandler   stm32f4xx_it.o
    0x08001ae0   0x00000084   Code   RO         6052    i.TIM4_IRQHandler   stm32f4xx_it.o
    0x08001b64   0x00000006   Code   RO         5055    i.TIM_ClearITPendingBit  stm32f4xx_tim.o
    0x08001b6a   0x00000018   Code   RO         5060    i.TIM_Cmd           stm32f4xx_tim.o
    0x08001b82   0x00000002   PAD
    0x08001b84   0x00000190   Code   RO         5065    i.TIM_DeInit        stm32f4xx_tim.o
    0x08001d14   0x00000022   Code   RO         5081    i.TIM_GetITStatus   stm32f4xx_tim.o
    0x08001d36   0x00000012   Code   RO         5085    i.TIM_ITConfig      stm32f4xx_tim.o
    0x08001d48   0x00000004   Code   RO         5126    i.TIM_SetCounter    stm32f4xx_tim.o
    0x08001d4c   0x00000084   Code   RO         5132    i.TIM_TimeBaseInit  stm32f4xx_tim.o
    0x08001dd0   0x0000006c   Code   RO          316    i.Timer4_Init       timer4.o
    0x08001e3c   0x00000050   Code   RO          403    i.TxDataBuf_Deal    mqtt.o
    0x08001e8c   0x00000080   Code   RO         6053    i.USART2_IRQHandler  stm32f4xx_it.o
    0x08001f0c   0x00000012   Code   RO         5606    i.USART_ClearFlag   stm32f4xx_usart.o
    0x08001f1e   0x00000018   Code   RO         5610    i.USART_Cmd         stm32f4xx_usart.o
    0x08001f36   0x00000054   Code   RO         5614    i.USART_GetITStatus  stm32f4xx_usart.o
    0x08001f8a   0x0000004a   Code   RO         5616    i.USART_ITConfig    stm32f4xx_usart.o
    0x08001fd4   0x000000d4   Code   RO         5617    i.USART_Init        stm32f4xx_usart.o
    0x080020a8   0x00000004   Code   RO         6054    i.UsageFault_Handler  stm32f4xx_it.o
    0x080020ac   0x00000158   Code   RO          535    i.WiFiConnectServer  wifi.o
    0x08002204   0x000000ac   Code   RO          536    i.WiFiJoinAP        wifi.o
    0x080022b0   0x00000048   Code   RO          538    i.WiFiResetIO_Init  wifi.o
    0x080022f8   0x00000074   Code   RO          539    i.WiFiSendCmd       wifi.o
    0x0800236c   0x00000068   Code   RO          540    i.WiFiSmartconfig   wifi.o
    0x080023d4   0x00000058   Code   RO          541    i.WiFiWaitAP        wifi.o
    0x0800242c   0x000004d0   Code   RO          542    i.WifiConnectIoTServer  wifi.o
    0x080028fc   0x00000028   Code   RO         6422    i.__0sprintf        mc_w.l(printfa.o)
    0x08002924   0x00000024   Code   RO         6426    i.__0vsprintf       mc_w.l(printfa.o)
    0x08002948   0x0000000e   Code   RO         6490    i.__scatterload_copy  mc_w.l(handlers.o)
    0x08002956   0x00000002   Code   RO         6491    i.__scatterload_null  mc_w.l(handlers.o)
    0x08002958   0x0000000e   Code   RO         6492    i.__scatterload_zeroinit  mc_w.l(handlers.o)
    0x08002966   0x00000002   PAD
    0x08002968   0x00000184   Code   RO         6427    i._fp_digits        mc_w.l(printfa.o)
    0x08002aec   0x000006dc   Code   RO         6428    i._printf_core      mc_w.l(printfa.o)
    0x080031c8   0x00000024   Code   RO         6429    i._printf_post_padding  mc_w.l(printfa.o)
    0x080031ec   0x0000002e   Code   RO         6430    i._printf_pre_padding  mc_w.l(printfa.o)
    0x0800321a   0x0000000a   Code   RO         6432    i._sputc            mc_w.l(printfa.o)
    0x08003224   0x0000003c   Code   RO         1226    i.delay_init        delay.o
    0x08003260   0x0000004c   Code   RO         1228    i.delay_us          delay.o
    0x080032ac   0x00000628   Code   RO            8    i.main              main.o
    0x080038d4   0x0000005c   Code   RO          231    i.u1_printf         usart1deal.o
    0x08003930   0x00000018   Code   RO          975    i.utils_hb2hex      utils_md5.o
    0x08003948   0x000000e8   Code   RO          938    i.utils_hmac_sha1   utils_hmac.o
    0x08003a30   0x000000e8   Code   RO         1043    i.utils_sha1_finish  utils_sha1.o
    0x08003b18   0x0000000e   Code   RO         1045    i.utils_sha1_init   utils_sha1.o
    0x08003b26   0x00000002   PAD
    0x08003b28   0x0000191c   Code   RO         1046    i.utils_sha1_process  utils_sha1.o
    0x08005444   0x0000002c   Code   RO         1047    i.utils_sha1_starts  utils_sha1.o
    0x08005470   0x0000007c   Code   RO         1048    i.utils_sha1_update  utils_sha1.o
    0x080054ec   0x0000016b   Data   RO          405    .constdata          mqtt.o
    0x08005657   0x00000040   Data   RO         1050    .constdata          utils_sha1.o
    0x08005697   0x00000001   PAD
    0x08005698   0x00000024   Data   RO            9    .conststring        main.o
    0x080056bc   0x00000020   Data   RO         6488    Region$$Table       anon$$obj.o


    Execution Region RW_IRAM1 (Base: 0x20000000, Size: 0x000042d0, Max: 0x00020000, ABSOLUTE)

    Base Addr    Size         Type   Attr      Idx    E Section Name        Object

    0x20000000   0x00000014   Data   RW           10    .data               main.o
    0x20000014   0x00000001   Data   RW          281    .data               usart2deal.o
    0x20000015   0x00000001   Data   RW          406    .data               mqtt.o
    0x20000016   0x00000001   Data   RW          543    .data               wifi.o
    0x20000017   0x00000001   PAD
    0x20000018   0x00000004   Data   RW         1230    .data               delay.o
    0x2000001c   0x00000010   Data   RW         3769    .data               stm32f4xx_rcc.o
    0x2000002c   0x00000100   Zero   RW          232    .bss                usart1deal.o
    0x2000012c   0x00000802   Zero   RW          280    .bss                usart2deal.o
    0x2000092e   0x00000002   PAD
    0x20000930   0x000035a0   Zero   RW          404    .bss                mqtt.o
    0x20003ed0   0x00000400   Zero   RW         6033    STACK               startup_stm32f429xx.o


==============================================================================

Image component sizes


      Code (inc. data)   RO Data    RW Data    ZI Data      Debug   Object Name

       102          0          0          0          0       3150   datamath.o
       136         12          0          4          0       1564   delay.o
        64          4          0          0          0        623   keydeal.o
       156         18          0          0          0       1228   leddeal.o
      1700        608         36         20          0     292390   main.o
       180         24          0          0          0       2685   misc.o
      2044        300        363          1      13728      10122   mqtt.o
        36          8        428          0       1024        920   startup_stm32f429xx.o
       264          0          0          0          0       5255   stm32f4xx_gpio.o
       502         68          0          0          0       7485   stm32f4xx_it.o
       468         58          0         16          0       8442   stm32f4xx_rcc.o
       618         82          0          0          0       6172   stm32f4xx_tim.o
       412          8          0          0          0       5160   stm32f4xx_usart.o
       392         32          0          0          0       1813   system_stm32f4xx.o
       120          4          0          0          0        704   timer1.o
       236         10          0          0          0       1399   timer3.o
       108          4          0          0          0        782   timer4.o
       272         20          0          0        256       3495   usart1deal.o
       404         28          0          1       2050       3811   usart2deal.o
       232          0          0          0          0       2950   utils_hmac.o
        24          0          0          0          0        639   utils_md5.o
      6842         40         64          0          0       6511   utils_sha1.o
      2128       1162          0          1          0       6763   wifi.o

    ----------------------------------------------------------------------
     17456       2490        924         44      17060     374063   Object Totals
         0          0         32          0          0          0   (incl. Generated)
        16          0          1          1          2          0   (incl. Padding)

    ----------------------------------------------------------------------

      Code (inc. data)   RO Data    RW Data    ZI Data      Debug   Library Member Name

         0          0          0          0          0          0   entry.o
         0          0          0          0          0          0   entry10a.o
         0          0          0          0          0          0   entry11a.o
         8          4          0          0          0          0   entry2.o
         4          0          0          0          0          0   entry5.o
         0          0          0          0          0          0   entry7b.o
         0          0          0          0          0          0   entry8b.o
         8          4          0          0          0          0   entry9a.o
        30          0          0          0          0          0   handlers.o
        36          8          0          0          0         68   init.o
         0          0          0          0          0          0   iusefp.o
        30          0          0          0          0         68   llshl.o
        36          0          0          0          0         68   llsshr.o
        32          0          0          0          0         68   llushr.o
        26          0          0          0          0         80   memcmp.o
        36          0          0          0          0         68   memcpya.o
        36          0          0          0          0        108   memseta.o
      2312         92          0          0          0        600   printfa.o
        14          0          0          0          0         68   strlen.o
        36          0          0          0          0         80   strstr.o
        44          0          0          0          0         80   uidiv.o
        98          0          0          0          0         92   uldiv.o
        48          0          0          0          0         68   cdrcmple.o
       334          0          0          0          0        148   dadd.o
       222          0          0          0          0        100   ddiv.o
       186          0          0          0          0        176   depilogue.o
        48          0          0          0          0         68   dfixul.o
       228          0          0          0          0         96   dmul.o

    ----------------------------------------------------------------------
      3856        108          0          0          0       2104   Library Totals
         4          0          0          0          0          0   (incl. Padding)

    ----------------------------------------------------------------------

      Code (inc. data)   RO Data    RW Data    ZI Data      Debug   Library Name

      2786        108          0          0          0       1448   mc_w.l
      1066          0          0          0          0        656   mf_w.l

    ----------------------------------------------------------------------
      3856        108          0          0          0       2104   Library Totals

    ----------------------------------------------------------------------

==============================================================================


      Code (inc. data)   RO Data    RW Data    ZI Data      Debug   

     21312       2598        924         44      17060     366779   Grand Totals
     21312       2598        924         44      17060     366779   ELF Image Totals
     21312       2598        924         44          0          0   ROM Totals

==============================================================================

    Total RO  Size (Code + RO Data)                22236 (  21.71kB)
    Total RW  Size (RW Data + ZI Data)             17104 (  16.70kB)
    Total ROM Size (Code + RO Data + RW Data)      22280 (  21.76kB)

==============================================================================

