<html>
<body>
<pre>
<h1>µVision Build Log</h1>
<h2>Tool Versions:</h2>
IDE-Version: ¶ÃVision V5.21.1.0
Copyright (C) 2016 ARM Ltd and ARM Germany GmbH. All rights reserved.
License Information: JIE Admin, JIE, LIC=FYKYW-QU1SD-45GT5-G7KVQ-IYFS3-6VVMA
 
Tool Versions:
Toolchain:       MDK-ARM Plus  Version: 5.21a
Toolchain Path:  F:\soft\keil5\ARM\ARMCC\Bin
C Compiler:      Armcc.exe V5.06 update 3 (build 300)
Assembler:       Armasm.exe V5.06 update 3 (build 300)
Linker/Locator:  ArmLink.exe V5.06 update 3 (build 300)
Library Manager: ArmAr.exe V5.06 update 3 (build 300)
Hex Converter:   FromElf.exe V5.06 update 3 (build 300)
CPU DLL:         SARMCM3.DLL V5.21a
Dialog DLL:      DCM.DLL V1.13.8.0
Target DLL:      Segger\JL2CM3.dll V2.99.23.0
Dialog DLL:      TCM.DLL V1.14.14.0
 
<h2>Project:</h2>
C:\Users\Admin\Desktop\∞¢¿Ô‘∆\f407+∞¢¿Ô‘∆+ESP8266“∆÷≤\f407+∞¢¿Ô‘∆+ESP8266“∆÷≤\STM32F407+ESP8266 ∞¢¿Ô‘∆Iot\Software\Project\EPS8266.uvprojx
Project File Date:  07/30/2020

<h2>Output:</h2>
*** Using Compiler 'V5.06 update 3 (build 300)', folder: 'F:\soft\keil5\ARM\ARMCC\Bin'
Rebuild target 'HY-SGW01(F407)'
compiling Leddeal.c...
compiling Timer4.c...
compiling Keydeal.c...
compiling Usart2deal.c...
compiling Mqtt.c...
compiling Usart1deal.c...
compiling main.c...
compiling utils_hmac.c...
compiling utils_md5.c...
compiling utils_sha1.c...
compiling Timer3.c...
compiling Timer1.c...
compiling Wifi.c...
compiling Datamath.c...
compiling sys.c...
compiling Mystring.c...
..\Source\Src\Mystring.c(757): warning:  #1293-D: assignment in condition
  	while(!(ret=*(unsigned char*)str1-*(unsigned char*)str2) && *str1)
..\Source\Src\Mystring.c: 1 warning, 0 errors
compiling delay.c...
compiling misc.c...
compiling stm32f4xx_adc.c...
compiling stm32f4xx_can.c...
compiling stm32f4xx_crc.c...
compiling stm32f4xx_cryp.c...
compiling stm32f4xx_cryp_des.c...
compiling stm32f4xx_cryp_aes.c...
compiling stm32f4xx_dbgmcu.c...
compiling stm32f4xx_dac.c...
compiling stm32f4xx_cryp_tdes.c...
compiling stm32f4xx_dcmi.c...
compiling stm32f4xx_dma.c...
compiling stm32f4xx_dma2d.c...
compiling stm32f4xx_exti.c...
compiling stm32f4xx_hash.c...
compiling stm32f4xx_flash_ramfunc.c...
compiling stm32f4xx_flash.c...
compiling stm32f4xx_gpio.c...
compiling stm32f4xx_hash_sha1.c...
compiling stm32f4xx_hash_md5.c...
compiling stm32f4xx_i2c.c...
compiling stm32f4xx_iwdg.c...
compiling stm32f4xx_ltdc.c...
compiling stm32f4xx_rng.c...
compiling stm32f4xx_pwr.c...
compiling stm32f4xx_rcc.c...
compiling stm32f4xx_rtc.c...
compiling stm32f4xx_sai.c...
compiling stm32f4xx_syscfg.c...
compiling stm32f4xx_spi.c...
compiling stm32f4xx_sdio.c...
compiling stm32f4xx_usart.c...
compiling stm32f4xx_tim.c...
assembling startup_stm32f429xx.s...
compiling stm32f4xx_wwdg.c...
compiling stm32f4xx_fmc.c...
compiling system_stm32f4xx.c...
compiling stm32f4xx_it.c...
linking...
Program Size: Code=21312 RO-data=924 RW-data=44 ZI-data=17060  
FromELF: creating hex file...
".\Objects\HY-SGW01(F407).axf" - 0 Error(s), 1 Warning(s).

<h2>Collection of Component include folders:</h2>
  C:\Users\Admin\Desktop\∞¢¿Ô‘∆\f407+∞¢¿Ô‘∆+ESP8266“∆÷≤\f407+∞¢¿Ô‘∆+ESP8266“∆÷≤\STM32F407+ESP8266 ∞¢¿Ô‘∆Iot\Software\Project\RTE
  F:\soft\keil5\ARM\PACK\Keil\STM32F4xx_DFP\2.9.0\Drivers\CMSIS\Device\ST\STM32F4xx\Include

<h2>Collection of Component Files used:</h2>
Build Time Elapsed:  00:00:07
</pre>
</body>
</html>
